******************************************************************************
                  MSP430 Linker PC v20.8.0                     
******************************************************************************
>> Linked Wed Sep 22 08:10:48 2021

OUTPUT FILE NAME:   <LCD_ASCII.out>
ENTRY POINT SYMBOL: "_c_int00_noargs_mpu"  address: 00004afe


MEMORY CONFIGURATION

         name            origin    length      used     unused   attr    fill
----------------------  --------  ---------  --------  --------  ----  --------
  TINYRAM               00000006   0000001a  00000000  0000001a  RWIX
  PERIPHERALS_8BIT      00000020   000000e0  00000000  000000e0  RWIX
  PERIPHERALS_16BIT     00000100   00000100  00000000  00000100  RWIX
  INFOD                 00001800   00000080  00000000  00000080  RWIX
  INFOC                 00001880   00000080  00000000  00000080  RWIX
  INFOB                 00001900   00000080  00000000  00000080  RWIX
  INFOA                 00001980   00000080  00000000  00000080  RWIX
  RAM                   00001c00   00000800  000003ce  00000432  RWIX
  FRAM                  00004400   0000bb80  00000ca9  0000aed7  RWIX
  JTAGSIGNATURE         0000ff80   00000004  00000004  00000000  RWIX  ffff 
  BSLSIGNATURE          0000ff84   00000004  00000004  00000000  RWIX  ffff 
  IPESIGNATURE          0000ff88   00000008  00000008  00000000  RWIX  ffff 
  INT00                 0000ff90   00000002  00000000  00000002  RWIX
  INT01                 0000ff92   00000002  00000000  00000002  RWIX
  INT02                 0000ff94   00000002  00000000  00000002  RWIX
  INT03                 0000ff96   00000002  00000000  00000002  RWIX
  INT04                 0000ff98   00000002  00000000  00000002  RWIX
  INT05                 0000ff9a   00000002  00000000  00000002  RWIX
  INT06                 0000ff9c   00000002  00000000  00000002  RWIX
  INT07                 0000ff9e   00000002  00000000  00000002  RWIX
  INT08                 0000ffa0   00000002  00000000  00000002  RWIX
  INT09                 0000ffa2   00000002  00000000  00000002  RWIX
  INT10                 0000ffa4   00000002  00000000  00000002  RWIX
  INT11                 0000ffa6   00000002  00000000  00000002  RWIX
  INT12                 0000ffa8   00000002  00000000  00000002  RWIX
  INT13                 0000ffaa   00000002  00000000  00000002  RWIX
  INT14                 0000ffac   00000002  00000000  00000002  RWIX
  INT15                 0000ffae   00000002  00000000  00000002  RWIX
  INT16                 0000ffb0   00000002  00000000  00000002  RWIX
  INT17                 0000ffb2   00000002  00000000  00000002  RWIX
  INT18                 0000ffb4   00000002  00000000  00000002  RWIX
  INT19                 0000ffb6   00000002  00000000  00000002  RWIX
  INT20                 0000ffb8   00000002  00000000  00000002  RWIX
  INT21                 0000ffba   00000002  00000000  00000002  RWIX
  INT22                 0000ffbc   00000002  00000000  00000002  RWIX
  INT23                 0000ffbe   00000002  00000000  00000002  RWIX
  INT24                 0000ffc0   00000002  00000000  00000002  RWIX
  INT25                 0000ffc2   00000002  00000000  00000002  RWIX
  INT26                 0000ffc4   00000002  00000000  00000002  RWIX
  INT27                 0000ffc6   00000002  00000002  00000000  RWIX
  INT28                 0000ffc8   00000002  00000002  00000000  RWIX
  INT29                 0000ffca   00000002  00000002  00000000  RWIX
  INT30                 0000ffcc   00000002  00000002  00000000  RWIX
  INT31                 0000ffce   00000002  00000002  00000000  RWIX
  INT32                 0000ffd0   00000002  00000002  00000000  RWIX
  INT33                 0000ffd2   00000002  00000002  00000000  RWIX
  INT34                 0000ffd4   00000002  00000002  00000000  RWIX
  INT35                 0000ffd6   00000002  00000002  00000000  RWIX
  INT36                 0000ffd8   00000002  00000002  00000000  RWIX
  INT37                 0000ffda   00000002  00000002  00000000  RWIX
  INT38                 0000ffdc   00000002  00000002  00000000  RWIX
  INT39                 0000ffde   00000002  00000002  00000000  RWIX
  INT40                 0000ffe0   00000002  00000002  00000000  RWIX
  INT41                 0000ffe2   00000002  00000002  00000000  RWIX
  INT42                 0000ffe4   00000002  00000002  00000000  RWIX
  INT43                 0000ffe6   00000002  00000002  00000000  RWIX
  INT44                 0000ffe8   00000002  00000002  00000000  RWIX
  INT45                 0000ffea   00000002  00000002  00000000  RWIX
  INT46                 0000ffec   00000002  00000002  00000000  RWIX
  INT47                 0000ffee   00000002  00000002  00000000  RWIX
  INT48                 0000fff0   00000002  00000002  00000000  RWIX
  INT49                 0000fff2   00000002  00000002  00000000  RWIX
  INT50                 0000fff4   00000002  00000002  00000000  RWIX
  INT51                 0000fff6   00000002  00000002  00000000  RWIX
  INT52                 0000fff8   00000002  00000002  00000000  RWIX
  INT53                 0000fffa   00000002  00000002  00000000  RWIX
  INT54                 0000fffc   00000002  00000002  00000000  RWIX
  RESET                 0000fffe   00000002  00000002  00000000  RWIX
  FRAM2                 00010000   00014000  00005bc2  0000e43e  RWIX


SECTION ALLOCATION MAP

 output                                  attributes/
section   page    origin      length       input sections
--------  ----  ----------  ----------   ----------------
.data      0    00001c00    000001d0     UNINITIALIZED
                  00001c00    000000c8     rts430x_lc_rd_eabi.lib : defs.c.obj (.data:_ftable)
                  00001cc8    00000078                            : host_device.c.obj (.data:_device)
                  00001d40    0000003c                            : host_device.c.obj (.data:_stream)
                  00001d7c    00000014     i2c_interface.obj (.data:ReceiveBuffer)
                  00001d90    00000014     i2c_interface.obj (.data:TransmitBuffer)
                  00001da4    0000000c     myLcd.obj (.data:initParams)
                  00001db0    00000007     i2c_interface.obj (.data)
                  00001db7    00000001     main.obj (.data)
                  00001db8    00000004     rts430x_lc_rd_eabi.lib : exit_gvars.c.obj (.data:__TI_cleanup_ptr)
                  00001dbc    00000004                            : exit_gvars.c.obj (.data:__TI_dtors_ptr)
                  00001dc0    00000004                            : _lock.c.obj (.data:_lock)
                  00001dc4    00000004                            : _lock.c.obj (.data:_unlock)
                  00001dc8    00000002                            : defs.c.obj (.data)
                  00001dca    00000002                            : errno.c.obj (.data)
                  00001dcc    00000002                            : exit.c.obj (.data)
                  00001dce    00000002                            : memory.c.obj (.data)

.TI.persistent 
*          0    00004400    00000000     UNINITIALIZED

.cio       0    00004400    00000120     UNINITIALIZED
                  00004400    00000120     rts430x_lc_rd_eabi.lib : trgmsg.c.obj (.cio)

.sysmem    0    00004520    0000012c     UNINITIALIZED
                  00004520    00000008     rts430x_lc_rd_eabi.lib : memory.c.obj (.sysmem)
                  00004528    00000124     --HOLE--

.ipestruct 
*          0    00004800    00000000     UNINITIALIZED

.ipe       0    00004800    00000000     UNINITIALIZED

.ipe_const 
*          0    00004800    00000000     UNINITIALIZED

.ipe:_isr 
*          0    00004800    00000000     UNINITIALIZED

.ipe_vars 
*          0    00004800    00000000     UNINITIALIZED

.cinit     0    0000502a    00000080     
                  0000502a    0000005e     (.cinit..data.load) [load image, compression = lzss]
                  00005088    0000000c     (__TI_handler_table)
                  00005094    00000006     (.cinit..bss.load) [load image, compression = zero_init]
                  0000509a    00000010     (__TI_cinit_table)

.binit     0    00004400    00000000     

.init_array 
*          0    00004400    00000000     UNINITIALIZED

.text:_isr 
*          0    00004800    0000034a     
                  00004800    00000136     main.obj (.text:_isr:RTC_ISR)
                  00004936    000000f2     i2c_interface.obj (.text:_isr:USCI_B0_ISR)
                  00004a28    0000006e     isrDefs.obj (.text:_isr:ADC12_ISR)
                  00004a96    00000068     isrDefs.obj (.text:_isr:PORT1_ISR)
                  00004afe    00000020     rts430x_lc_rd_eabi.lib : boot.c.obj (.text:_isr:_c_int00_noargs_mpu)
                  00004b1e    00000016     isrDefs.obj (.text:_isr:USCI_A1_ISR)
                  00004b34    0000000e     isrDefs.obj (.text:_isr:TimerA0_ISR)
                  00004b42    00000008     rts430x_lc_rd_eabi.lib : isr_trap.asm.obj (.text:_isr:__TI_ISR_TRAP)

.bss       0    00001dd0    000000fe     UNINITIALIZED
                  00001dd0    000000a0     (.common:__TI_tmpnams)
                  00001e70    00000020     (.common:RTC_Buffer)
                  00001e90    00000014     (.common:yh)
                  00001ea4    00000010     (.common:cAdcBuffer)
                  00001eb4    0000000c     (.common:syslogName)
                  00001ec0    00000008     (.common:parmbuf)
                  00001ec8    00000004     rts430x_lc_rd_eabi.lib : memory.c.obj (.bss)
                  00001ecc    00000002     (.common:uiAdcData)

.stack     0    00002300    00000100     UNINITIALIZED
                  00002300    00000004     rts430x_lc_rd_eabi.lib : boot.c.obj (.stack)
                  00002304    000000fc     --HOLE--

$fill000   0    0000ff80    00000004     
                  0000ff80    00000004     --HOLE-- [fill = ffff]

$fill001   0    0000ff84    00000004     
                  0000ff84    00000004     --HOLE-- [fill = ffff]

$fill002   0    0000ff88    00000008     
                  0000ff88    00000008     --HOLE-- [fill = ffff]

AES256     0    0000ffc6    00000002     
                  0000ffc6    00000002     rts430x_lc_rd_eabi.lib : int27.asm.obj (.int27)

RTC        0    0000ffc8    00000002     
                  0000ffc8    00000002     main.obj (.int28)

LCD_C      0    0000ffca    00000002     
                  0000ffca    00000002     rts430x_lc_rd_eabi.lib : int29.asm.obj (.int29)

PORT4      0    0000ffcc    00000002     
                  0000ffcc    00000002     rts430x_lc_rd_eabi.lib : int30.asm.obj (.int30)

PORT3      0    0000ffce    00000002     
                  0000ffce    00000002     rts430x_lc_rd_eabi.lib : int31.asm.obj (.int31)

TIMER3_A1 
*          0    0000ffd0    00000002     
                  0000ffd0    00000002     rts430x_lc_rd_eabi.lib : int32.asm.obj (.int32)

TIMER3_A0 
*          0    0000ffd2    00000002     
                  0000ffd2    00000002     rts430x_lc_rd_eabi.lib : int33.asm.obj (.int33)

PORT2      0    0000ffd4    00000002     
                  0000ffd4    00000002     rts430x_lc_rd_eabi.lib : int34.asm.obj (.int34)

TIMER2_A1 
*          0    0000ffd6    00000002     
                  0000ffd6    00000002     rts430x_lc_rd_eabi.lib : int35.asm.obj (.int35)

TIMER2_A0 
*          0    0000ffd8    00000002     
                  0000ffd8    00000002     rts430x_lc_rd_eabi.lib : int36.asm.obj (.int36)

PORT1      0    0000ffda    00000002     
                  0000ffda    00000002     isrDefs.obj (.int37)

TIMER1_A1 
*          0    0000ffdc    00000002     
                  0000ffdc    00000002     rts430x_lc_rd_eabi.lib : int38.asm.obj (.int38)

TIMER1_A0 
*          0    0000ffde    00000002     
                  0000ffde    00000002     rts430x_lc_rd_eabi.lib : int39.asm.obj (.int39)

DMA        0    0000ffe0    00000002     
                  0000ffe0    00000002     rts430x_lc_rd_eabi.lib : int40.asm.obj (.int40)

USCI_B1    0    0000ffe2    00000002     
                  0000ffe2    00000002     rts430x_lc_rd_eabi.lib : int41.asm.obj (.int41)

USCI_A1    0    0000ffe4    00000002     
                  0000ffe4    00000002     isrDefs.obj (.int42)

TIMER0_A1 
*          0    0000ffe6    00000002     
                  0000ffe6    00000002     rts430x_lc_rd_eabi.lib : int43.asm.obj (.int43)

TIMER0_A0 
*          0    0000ffe8    00000002     
                  0000ffe8    00000002     isrDefs.obj (.int44)

ADC12      0    0000ffea    00000002     
                  0000ffea    00000002     isrDefs.obj (.int45)

USCI_B0    0    0000ffec    00000002     
                  0000ffec    00000002     i2c_interface.obj (.int46)

USCI_A0    0    0000ffee    00000002     
                  0000ffee    00000002     rts430x_lc_rd_eabi.lib : int47.asm.obj (.int47)

ESCAN_IF   0    0000fff0    00000002     
                  0000fff0    00000002     rts430x_lc_rd_eabi.lib : int48.asm.obj (.int48)

WDT        0    0000fff2    00000002     
                  0000fff2    00000002     rts430x_lc_rd_eabi.lib : int49.asm.obj (.int49)

TIMER0_B1 
*          0    0000fff4    00000002     
                  0000fff4    00000002     rts430x_lc_rd_eabi.lib : int50.asm.obj (.int50)

TIMER0_B0 
*          0    0000fff6    00000002     
                  0000fff6    00000002     rts430x_lc_rd_eabi.lib : int51.asm.obj (.int51)

COMP_E     0    0000fff8    00000002     
                  0000fff8    00000002     rts430x_lc_rd_eabi.lib : int52.asm.obj (.int52)

UNMI       0    0000fffa    00000002     
                  0000fffa    00000002     rts430x_lc_rd_eabi.lib : int53.asm.obj (.int53)

SYSNMI     0    0000fffc    00000002     
                  0000fffc    00000002     rts430x_lc_rd_eabi.lib : int54.asm.obj (.int54)

.reset     0    0000fffe    00000002     
                  0000fffe    00000002     rts430x_lc_rd_eabi.lib : boot.c.obj (.reset)

.const     0    00004b4a    000004df     
                  00004b4a    000001e6     myprintf.obj (.const:.string)
                  00004d30    00000101     rts430x_lc_rd_eabi.lib : ctype.c.obj (.const:.string:_ctypes_)
                  00004e31    00000001     --HOLE-- [fill = 0]
                  00004e32    000000a2     main.obj (.const:.string)
                  00004ed4    00000076     sys_log.obj (.const:.string)
                  00004f4a    00000036     isrDefs.obj (.const:.string)
                  00004f80    00000034     myLcd.obj (.const:alphabetBig)
                  00004fb4    00000026     rts430x_lc_rd_eabi.lib : _printfi.c.obj (.const:.string)
                  00004fda    0000001c     gpio.obj (.const:GPIO_PORT_TO_BASE)
                  00004ff6    00000018     myLcd.obj (.const:SegmentLoc)
                  0000500e    00000014     myLcd.obj (.const:digit)
                  00005022    00000007     ds1307.obj (.const:.string:clock)

.text      0    00010000    00005bc2     
                  00010000    00000466     rts430x_lc_rd_eabi.lib : frcdivd.c.obj (.text:__TI_frcdivd)
                  00010466    0000034e                            : div64u.c.obj (.text:__mspabi_divull)
                  000107b4    000002e0                            : addd.c.obj (.text:__mspabi_addd)
                  00010a94    000002a6                            : _printfi.c.obj (.text:__TI_printfi:__TI_printfi)
                  00010d3a    000002a6     sys_log.obj (.text:logPrint)
                  00010fe0    00000280     rts430x_lc_rd_eabi.lib : frcmpyd.c.obj (.text:__TI_frcmpyd)
                  00011260    0000027a                            : _printfi.c.obj (.text:__TI_printfi:_setfield___TI_printfi)
                  000114da    00000268                            : _printfi.c.obj (.text:_pproc_fgea)
                  00011742    00000266                            : mpyd.c.obj (.text:__mspabi_mpyd)
                  000119a8    00000248                            : frcaddd.c.obj (.text:__TI_frcaddd)
                  00011bf0    0000023c     myprintf.obj (.text:printTest)
                  00011e2c    00000224     rts430x_lc_rd_eabi.lib : _printfi.c.obj (.text:acvt)
                  00012050    00000222                            : divd.c.obj (.text:__mspabi_divd)
                  00012272    0000020c                            : _printfi.c.obj (.text:__TI_printfi:_getarg_diouxp___TI_printfi)
                  0001247e    000001e6                            : _printfi.c.obj (.text:ecvt)
                  00012664    000001e2     myLcd.obj (.text:myLCD_showChar)
                  00012846    000001c8     rts430x_lc_rd_eabi.lib : _printfi.c.obj (.text:fcvt)
                  00012a0e    000001ba     myprintf.obj (.text:myprintf)
                  00012bc8    000001a2     rts430x_lc_rd_eabi.lib : _printfi.c.obj (.text:_pconv_e)
                  00012d6a    00000170                            : _printfi.c.obj (.text:_pconv_a)
                  00012eda    0000015a                            : s_scalbn.c.obj (.text:scalbn)
                  00013034    00000148                            : _printfi.c.obj (.text:__TI_printfi:_pproc_diouxp___TI_printfi)
                  0001317c    00000128                            : _printfi.c.obj (.text:__TI_printfi:_ltostr___TI_printfi)
                  000132a4    00000112                            : memory.c.obj (.text:aligned_alloc)
                  000133b6    000000fc                            : _printfi.c.obj (.text:_pconv_g)
                  000134b2    000000f8     myprintf.obj (.text:printi)
                  000135aa    000000f0     rts430x_lc_rd_eabi.lib : fputs.c.obj (.text:fputs)
                  0001369a    000000ea                            : _printfi.c.obj (.text:__TI_printfi:_pproc_fwp___TI_printfi)
                  00013784    000000e2                            : memory.c.obj (.text:free)
                  00013866    000000de                            : setvbuf.c.obj (.text:setvbuf)
                  00013944    000000dc     main.obj (.text:main)
                  00013a20    000000d8     rts430x_lc_rd_eabi.lib : cmpd.c.obj (.text:__mspabi_cmpd)
                  00013af8    000000c8                            : _printfi.c.obj (.text:__TI_printfi:_pproc_wstr___TI_printfi)
                  00013bc0    000000be     ds1307.obj (.text:read_RTC)
                  00013c7e    000000b2     rts430x_lc_rd_eabi.lib : renormd.c.obj (.text:__TI_renormd)
                  00013d30    000000a6                            : _printfi.c.obj (.text:__TI_printfi:_pproc_str___TI_printfi)
                  00013dd6    000000a6                            : s_frexp.c.obj (.text:frexp)
                  00013e7c    000000a0     myLcd.obj (.text:myLCD_init)
                  00013f1c    0000009e     rts430x_lc_rd_eabi.lib : fltlid.c.obj (.text:__mspabi_fltlid)
                  00013fba    0000009a                            : hostlseek.c.obj (.text:HOSTlseek)
                  00014054    00000094     main.obj (.text:LCD_showStringScrollRight)
                  000140e8    00000090     i2c_gpio.obj (.text:I2C_ReadByte)
                  00014178    00000090     rts430x_lc_rd_eabi.lib : _printfi.c.obj (.text:_ecpy)
                  00014208    00000090                            : _printfi.c.obj (.text:_mcpy)
                  00014298    00000090                            : fputc.c.obj (.text:fputc)
                  00014328    0000008a     lcd_c.obj (.text:LCD_C_setPinAsLCDFunctionEx)
                  000143b2    00000088     i2c_gpio.obj (.text:I2C_WriteByte)
                  0001443a    00000080     rts430x_lc_rd_eabi.lib : _ltoa.c.obj (.text:__TI_ltoa)
                  000144ba    0000007e                            : _io_perm.c.obj (.text:__TI_wrt_ok)
                  00014538    00000078                            : _printfi.c.obj (.text:_pconv_f)
                  000145b0    00000076                            : copy_decompress_lzss.c.obj (.text:decompress:lzss:__TI_decompress_lzss)
                  00014626    00000074                            : hostrename.c.obj (.text:HOSTrename)
                  0001469a    00000074                            : fclose.c.obj (.text:__TI_closefile)
                  0001470e    00000074                            : memory.c.obj (.text:split)
                  00014782    00000072     gpio.obj (.text:GPIO_setAsPeripheralModuleFunctionInputPin)
                  000147f4    00000072     lcd_c.obj (.text:LCD_C_setMemory)
                  00014866    00000070     rts430x_lc_rd_eabi.lib : hostopen.c.obj (.text:HOSTopen)
                  000148d6    00000070     myprintf.obj (.text:prints)
                  00014946    0000006c     rts430x_lc_rd_eabi.lib : hostwrite.c.obj (.text:HOSTwrite)
                  000149b2    0000006a                            : hostread.c.obj (.text:HOSTread)
                  00014a1c    0000006a                            : fseek.c.obj (.text:fseek)
                  00014a86    0000006a     utils.obj (.text:u_itoa)
                  00014af0    00000066     rts430x_lc_rd_eabi.lib : fixdli.c.obj (.text:__mspabi_fixdli)
                  00014b56    00000064                            : fflush.c.obj (.text:__TI_doflush)
                  00014bba    00000062                            : atoi.c.obj (.text:atoi)
                  00014c1c    0000005a                            : close.c.obj (.text:close)
                  00014c76    0000005a                            : getdevice.c.obj (.text:getdevice)
                  00014cd0    00000058                            : div32u.asm.obj (.text)
                  00014d28    00000056                            : vsnprintf.c.obj (.text:vsnprintf)
                  00014d7e    00000054                            : autoinit.c.obj (.text:__TI_auto_init_nobinit_nopinit_hold_wdt:__TI_auto_init_nobinit_nopinit_hold_wdt)
                  00014dd2    00000054     main.obj (.text:swDelaySec)
                  00014e26    00000052     lcd_c.obj (.text:LCD_C_setVLCDSource)
                  00014e78    0000004e     rts430x_lc_rd_eabi.lib : hostclose.c.obj (.text:HOSTclose)
                  00014ec6    0000004e                            : _printfi.c.obj (.text:_fcpy)
                  00014f14    0000004e     myGpio.obj (.text:initGPIO)
                  00014f62    0000004a     rts430x_lc_rd_eabi.lib : exit.c.obj (.text:exit)
                  00014fac    0000004a                            : printf.c.obj (.text:printf)
                  00014ff6    00000046                            : hostunlink.c.obj (.text:HOSTunlink)
                  0001503c    00000046     utils.obj (.text:strReverse)
                  00015082    00000044     rts430x_lc_rd_eabi.lib : sprintf.c.obj (.text:sprintf)
                  000150c6    00000042     lcd_c.obj (.text:setLCDFunction)
                  00015108    00000042     sys_log.obj (.text:utcFormatDateTime)
                  0001514a    00000040     rts430x_lc_rd_eabi.lib : div32s.asm.obj (.text)
                  0001518a    0000003e                            : asr32.asm.obj (.text:l_asr_const)
                  000151c8    0000003e                            : lsl32.asm.obj (.text:l_lsl_const)
                  00015206    0000003e                            : lsr32.asm.obj (.text:l_lsr_const)
                  00015244    0000003e                            : lseek.c.obj (.text:lseek)
                  00015282    0000003c                            : write.c.obj (.text:write)
                  000152be    0000003a                            : lsl64.c.obj (.text:__mspabi_sllll)
                  000152f8    0000003a                            : lsr64.c.obj (.text:__mspabi_srlll)
                  00015332    00000036                            : fopen.c.obj (.text:__TI_cleanup)
                  00015368    00000036                            : trgmsg.c.obj (.text:__TI_writemsg)
                  0001539e    00000036                            : vsnprintf.c.obj (.text:_outs)
                  000153d4    00000032     i2c_gpio.obj (.text:I2C_Start)
                  00015406    00000032     i2c_gpio.obj (.text:I2C_Stop)
                  00015438    00000032     rts430x_lc_rd_eabi.lib : trgmsg.c.obj (.text:__TI_readmsg)
                  0001546a    00000032                            : subd.c.obj (.text:__mspabi_subd)
                  0001549c    00000032                            : strncpy.c.obj (.text:strncpy)
                  000154ce    00000032     main.obj (.text:swDelay)
                  00015500    00000030     i2c_gpio.obj (.text:I2C_WriteString)
                  00015530    00000030     myprintf.obj (.text:initialize_uart)
                  00015560    00000030     rts430x_lc_rd_eabi.lib : unlink.c.obj (.text:unlink)
                  00015590    0000002e     lcd_c.obj (.text:LCD_C_init)
                  000155be    0000002e     main.obj (.text:LCD_showString)
                  000155ec    0000002e     rts430x_lc_rd_eabi.lib : negd.c.obj (.text:__mspabi_negd)
                  0001561a    0000002e                            : s_copysign.c.obj (.text:copysign)
                  00015648    0000002e                            : getdevice.c.obj (.text:finddevice)
                  00015676    0000002c     i2c_gpio.obj (.text:I2C_ReadChar)
                  000156a2    0000002c     lcd_c.obj (.text:LCD_C_configChargePump)
                  000156ce    0000002c     MSPMPU_INIT_LIB_CCS_msp430_large_code_restricted_data.lib : mpu_init.o (.text:__mpu_init)
                  000156fa    0000002c     rts430x_lc_rd_eabi.lib : memory.c.obj (.text:free_list_insert)
                  00015726    0000002c                            : div16s.asm.obj (.text)
                  00015752    0000002a                            : memory.c.obj (.text:free_list_remove)
                  0001577c    00000028                            : fixdi.c.obj (.text:__mspabi_fixdi)
                  000157a4    00000028     sys_log.obj (.text:logDEBUG)
                  000157cc    00000028     sys_log.obj (.text:logINFO)
                  000157f4    00000026     rts430x_lc_rd_eabi.lib : memccpy.c.obj (.text:memccpy)
                  0001581a    00000024     main.obj (.text:PowerOnLedBlink)
                  0001583e    00000024     rts430x_lc_rd_eabi.lib : copy_zero_init.c.obj (.text:decompress:ZI:__TI_zero_init_nomemset:__TI_zero_init_nomemset)
                  00015862    00000024                            : mult32_f5hw.asm.obj (.text)
                  00015886    00000022     myprintf.obj (.text:print_uart)
                  000158a8    00000020     rts430x_lc_rd_eabi.lib : vsnprintf.c.obj (.text:_outc)
                  000158c8    00000020                            : sprintf.c.obj (.text:_outs)
                  000158e8    00000020     main.obj (.text:initialize_clock)
                  00015908    0000001e     main.obj (.text:ADC_SETUP)
                  00015926    0000001c     lcd_c.obj (.text:LCD_C_setBlinkingControl)
                  00015942    0000001c     rts430x_lc_rd_eabi.lib : strchr.c.obj (.text:strchr)
                  0001595e    0000001c                            : strcmp.c.obj (.text:strcmp)
                  0001597a    0000001a     lcd_c.obj (.text:LCD_C_selectChargePumpReference)
                  00015994    0000001a     lcd_c.obj (.text:LCD_C_setVLCDVoltage)
                  000159ae    00000018     lcd_c.obj (.text:LCD_C_selectDisplayMemory)
                  000159c6    00000018     rts430x_lc_rd_eabi.lib : mult16_f5hw.asm.obj (.text)
                  000159de    00000016                            : memory.c.obj (.text:heap_start)
                  000159f4    00000016                            : memchr.c.obj (.text:memchr)
                  00015a0a    00000016                            : memset.c.obj (.text:memset)
                  00015a20    00000016                            : div16u.asm.obj (.text)
                  00015a36    00000016                            : wcslen.c.obj (.text:wcslen)
                  00015a4c    00000014     i2c_gpio.obj (.text:Read_SDA)
                  00015a60    00000014     rts430x_lc_rd_eabi.lib : sprintf.c.obj (.text:_outc)
                  00015a74    00000014     i2c_gpio.obj (.text:bcd2bin)
                  00015a88    00000014     main.obj (.text:initialize_timer)
                  00015a9c    00000014     rts430x_lc_rd_eabi.lib : memcpy.c.obj (.text:memcpy)
                  00015ab0    00000014     ds1307.obj (.text:set_RTC)
                  00015ac4    00000012     rts430x_lc_rd_eabi.lib : copy_decompress_none.c.obj (.text:decompress:none:__TI_decompress_none)
                  00015ad6    00000012                            : strcpy.c.obj (.text:strcpy)
                  00015ae8    00000012                            : toupper.c.obj (.text:toupper)
                  00015afa    00000010                            : asr32.asm.obj (.text:l_asr)
                  00015b0a    00000010                            : lsl32.asm.obj (.text:l_lsl)
                  00015b1a    00000010                            : lsr32.asm.obj (.text:l_lsr)
                  00015b2a    0000000e     lcd_c.obj (.text:LCD_C_enableChargePump)
                  00015b38    0000000e     myprintf.obj (.text:putChar)
                  00015b46    0000000e     rts430x_lc_rd_eabi.lib : strlen.c.obj (.text:strlen)
                  00015b54    0000000c     lcd_c.obj (.text:LCD_C_clearBlinkingMemory)
                  00015b60    0000000c     lcd_c.obj (.text:LCD_C_clearMemory)
                  00015b6c    0000000c     rts430x_lc_rd_eabi.lib : fltid.c.obj (.text:__mspabi_fltid)
                  00015b78    0000000a                            : abs.c.obj (.text:abs)
                  00015b82    0000000a                            : lsl16.asm.obj (.text)
                  00015b8c    0000000a                            : lsr16.asm.obj (.text)
                  00015b96    00000008                            : memory.c.obj (.text:malloc)
                  00015b9e    00000006     lcd_c.obj (.text:LCD_C_off)
                  00015ba4    00000006     lcd_c.obj (.text:LCD_C_on)
                  00015baa    00000006     rts430x_lc_rd_eabi.lib : printf.c.obj (.text:_outc)
                  00015bb0    00000006                            : exit.c.obj (.text:abort)
                  00015bb6    00000004                            : printf.c.obj (.text:_outs)
                  00015bba    00000004                            : pre_init.c.obj (.text:_system_pre_init)
                  00015bbe    00000002                            : _lock.c.obj (.text:_nop)
                  00015bc0    00000002                            : startup.c.obj (.text:_system_post_cinit)

MODULE SUMMARY

       Module                       code    ro data   rw data
       ------                       ----    -------   -------
    .\
       myprintf.obj                 1470    486       0      
       main.obj                     976     164       51     
       sys_log.obj                  824     118       32     
       myLcd.obj                    642     96        12     
       i2c_gpio.obj                 512     0         0      
       isrDefs.obj                  250     62        0      
       i2c_interface.obj            242     2         47     
       ds1307.obj                   210     7         0      
       utils.obj                    176     0         0      
       myGpio.obj                   78      0         0      
    +--+----------------------------+-------+---------+---------+
       Total:                       5380    935       142    
                                                             
    .\driverlib\MSP430FR5xx_6xx\
       lcd_c.obj                    644     0         0      
       gpio.obj                     114     28        0      
    +--+----------------------------+-------+---------+---------+
       Total:                       758     28        0      
                                                             
    C:\ti\ccsv7\ccs_base\msp430\lib\FR59xx\MSPMPU_INIT_LIB_CCS_msp430_large_code_restricted_data.lib
       mpu_init.o                   44      0         0      
    +--+----------------------------+-------+---------+---------+
       Total:                       44      0         0      
                                                             
    C:\ti\ccsv7\tools\compiler\ti-cgt-msp430_20.8.0.STS\lib\rts430x_lc_rd_eabi.lib
       _printfi.c.obj               6690    38        0      
       frcdivd.c.obj                1126    0         0      
       div64u.c.obj                 846     0         0      
       memory.c.obj                 732     0         6      
       addd.c.obj                   736     0         0      
       frcmpyd.c.obj                640     0         0      
       mpyd.c.obj                   614     0         0      
       frcaddd.c.obj                584     0         0      
       divd.c.obj                   546     0         0      
       trgmsg.c.obj                 104     0         288    
       defs.c.obj                   0       0         362    
       s_scalbn.c.obj               346     0         0      
       ctype.c.obj                  0       257       0      
       fputs.c.obj                  240     0         0      
       setvbuf.c.obj                222     0         0      
       cmpd.c.obj                   216     0         0      
       host_device.c.obj            0       0         180    
       renormd.c.obj                178     0         0      
       vsnprintf.c.obj              172     0         0      
       s_frexp.c.obj                166     0         0      
       fltlid.c.obj                 158     0         0      
       hostlseek.c.obj              154     0         0      
       fputc.c.obj                  144     0         0      
       getdevice.c.obj              136     0         0      
       _ltoa.c.obj                  128     0         0      
       _io_perm.c.obj               126     0         0      
       hostopen.c.obj               112     0         8      
       sprintf.c.obj                120     0         0      
       copy_decompress_lzss.c.obj   118     0         0      
       fclose.c.obj                 116     0         0      
       hostrename.c.obj             116     0         0      
       hostwrite.c.obj              108     0         0      
       fseek.c.obj                  106     0         0      
       hostread.c.obj               106     0         0      
       fixdli.c.obj                 102     0         0      
       fflush.c.obj                 100     0         0      
       atoi.c.obj                   98      0         0      
       close.c.obj                  90      0         0      
       div32u.asm.obj               88      0         0      
       autoinit.c.obj               84      0         0      
       printf.c.obj                 84      0         0      
       exit.c.obj                   80      0         2      
       asr32.asm.obj                78      0         0      
       hostclose.c.obj              78      0         0      
       lsl32.asm.obj                78      0         0      
       lsr32.asm.obj                78      0         0      
       hostunlink.c.obj             70      0         0      
       div32s.asm.obj               64      0         0      
       lseek.c.obj                  62      0         0      
       write.c.obj                  60      0         0      
       lsl64.c.obj                  58      0         0      
       lsr64.c.obj                  58      0         0      
       fopen.c.obj                  54      0         0      
       strncpy.c.obj                50      0         0      
       subd.c.obj                   50      0         0      
       unlink.c.obj                 48      0         0      
       negd.c.obj                   46      0         0      
       s_copysign.c.obj             46      0         0      
       div16s.asm.obj               44      0         0      
       fixdi.c.obj                  40      0         0      
       memccpy.c.obj                38      0         0      
       copy_zero_init.c.obj         36      0         0      
       mult32_f5hw.asm.obj          36      0         0      
       boot.c.obj                   32      2         0      
       strchr.c.obj                 28      0         0      
       strcmp.c.obj                 28      0         0      
       mult16_f5hw.asm.obj          24      0         0      
       div16u.asm.obj               22      0         0      
       memchr.c.obj                 22      0         0      
       memset.c.obj                 22      0         0      
       wcslen.c.obj                 22      0         0      
       memcpy.c.obj                 20      0         0      
       copy_decompress_none.c.obj   18      0         0      
       strcpy.c.obj                 18      0         0      
       toupper.c.obj                18      0         0      
       strlen.c.obj                 14      0         0      
       fltid.c.obj                  12      0         0      
       _lock.c.obj                  2       0         8      
       abs.c.obj                    10      0         0      
       lsl16.asm.obj                10      0         0      
       lsr16.asm.obj                10      0         0      
       exit_gvars.c.obj             0       0         8      
       isr_trap.asm.obj             8       0         0      
       pre_init.c.obj               4       0         0      
       errno.c.obj                  0       0         2      
       int27.asm.obj                0       2         0      
       int29.asm.obj                0       2         0      
       int30.asm.obj                0       2         0      
       int31.asm.obj                0       2         0      
       int32.asm.obj                0       2         0      
       int33.asm.obj                0       2         0      
       int34.asm.obj                0       2         0      
       int35.asm.obj                0       2         0      
       int36.asm.obj                0       2         0      
       int38.asm.obj                0       2         0      
       int39.asm.obj                0       2         0      
       int40.asm.obj                0       2         0      
       int41.asm.obj                0       2         0      
       int43.asm.obj                0       2         0      
       int47.asm.obj                0       2         0      
       int48.asm.obj                0       2         0      
       int49.asm.obj                0       2         0      
       int50.asm.obj                0       2         0      
       int51.asm.obj                0       2         0      
       int52.asm.obj                0       2         0      
       int53.asm.obj                0       2         0      
       int54.asm.obj                0       2         0      
       startup.c.obj                2       0         0      
    +--+----------------------------+-------+---------+---------+
       Total:                       18150   341       864    
                                                             
       Heap:                        0       0         300    
       Stack:                       0       0         256    
       Linker Generated:            0       128       0      
    +--+----------------------------+-------+---------+---------+
       Grand Total:                 24332   1432      1562   


LINKER GENERATED COPY TABLES

__TI_cinit_table @ 0000509a records: 2, size/record: 8, table size: 16
	.data: load addr=0000502a, load size=0000005e bytes, run addr=00001c00, run size=000001d0 bytes, compression=lzss
	.bss: load addr=00005094, load size=00000006 bytes, run addr=00001dd0, run size=000000fe bytes, compression=zero_init


LINKER GENERATED HANDLER TABLE

__TI_handler_table @ 00005088 records: 3, size/record: 4, table size: 12
	index: 0, handler: __TI_zero_init
	index: 1, handler: __TI_decompress_lzss
	index: 2, handler: __TI_decompress_none


GLOBAL SYMBOLS: SORTED ALPHABETICALLY BY Name 

address   name                                      
-------   ----                                      
00000800  ADC12CTL0                                 
00000801  ADC12CTL0_H                               
00000800  ADC12CTL0_L                               
00000802  ADC12CTL1                                 
00000803  ADC12CTL1_H                               
00000802  ADC12CTL1_L                               
00000804  ADC12CTL2                                 
00000805  ADC12CTL2_H                               
00000804  ADC12CTL2_L                               
00000806  ADC12CTL3                                 
00000807  ADC12CTL3_H                               
00000806  ADC12CTL3_L                               
0000080a  ADC12HI                                   
0000080b  ADC12HI_H                                 
0000080a  ADC12HI_L                                 
00000812  ADC12IER0                                 
00000813  ADC12IER0_H                               
00000812  ADC12IER0_L                               
00000814  ADC12IER1                                 
00000815  ADC12IER1_H                               
00000814  ADC12IER1_L                               
00000816  ADC12IER2                                 
00000817  ADC12IER2_H                               
00000816  ADC12IER2_L                               
0000080c  ADC12IFGR0                                
0000080d  ADC12IFGR0_H                              
0000080c  ADC12IFGR0_L                              
0000080e  ADC12IFGR1                                
0000080f  ADC12IFGR1_H                              
0000080e  ADC12IFGR1_L                              
00000810  ADC12IFGR2                                
00000811  ADC12IFGR2_H                              
00000810  ADC12IFGR2_L                              
00000818  ADC12IV                                   
00000819  ADC12IV_H                                 
00000818  ADC12IV_L                                 
00000808  ADC12LO                                   
00000809  ADC12LO_H                                 
00000808  ADC12LO_L                                 
00000820  ADC12MCTL0                                
00000821  ADC12MCTL0_H                              
00000820  ADC12MCTL0_L                              
00000822  ADC12MCTL1                                
00000834  ADC12MCTL10                               
00000835  ADC12MCTL10_H                             
00000834  ADC12MCTL10_L                             
00000836  ADC12MCTL11                               
00000837  ADC12MCTL11_H                             
00000836  ADC12MCTL11_L                             
00000838  ADC12MCTL12                               
00000839  ADC12MCTL12_H                             
00000838  ADC12MCTL12_L                             
0000083a  ADC12MCTL13                               
0000083b  ADC12MCTL13_H                             
0000083a  ADC12MCTL13_L                             
0000083c  ADC12MCTL14                               
0000083d  ADC12MCTL14_H                             
0000083c  ADC12MCTL14_L                             
0000083e  ADC12MCTL15                               
0000083f  ADC12MCTL15_H                             
0000083e  ADC12MCTL15_L                             
00000840  ADC12MCTL16                               
00000841  ADC12MCTL16_H                             
00000840  ADC12MCTL16_L                             
00000842  ADC12MCTL17                               
00000843  ADC12MCTL17_H                             
00000842  ADC12MCTL17_L                             
00000844  ADC12MCTL18                               
00000845  ADC12MCTL18_H                             
00000844  ADC12MCTL18_L                             
00000846  ADC12MCTL19                               
00000847  ADC12MCTL19_H                             
00000846  ADC12MCTL19_L                             
00000823  ADC12MCTL1_H                              
00000822  ADC12MCTL1_L                              
00000824  ADC12MCTL2                                
00000848  ADC12MCTL20                               
00000849  ADC12MCTL20_H                             
00000848  ADC12MCTL20_L                             
0000084a  ADC12MCTL21                               
0000084b  ADC12MCTL21_H                             
0000084a  ADC12MCTL21_L                             
0000084c  ADC12MCTL22                               
0000084d  ADC12MCTL22_H                             
0000084c  ADC12MCTL22_L                             
0000084e  ADC12MCTL23                               
0000084f  ADC12MCTL23_H                             
0000084e  ADC12MCTL23_L                             
00000850  ADC12MCTL24                               
00000851  ADC12MCTL24_H                             
00000850  ADC12MCTL24_L                             
00000852  ADC12MCTL25                               
00000853  ADC12MCTL25_H                             
00000852  ADC12MCTL25_L                             
00000854  ADC12MCTL26                               
00000855  ADC12MCTL26_H                             
00000854  ADC12MCTL26_L                             
00000856  ADC12MCTL27                               
00000857  ADC12MCTL27_H                             
00000856  ADC12MCTL27_L                             
00000858  ADC12MCTL28                               
00000859  ADC12MCTL28_H                             
00000858  ADC12MCTL28_L                             
0000085a  ADC12MCTL29                               
0000085b  ADC12MCTL29_H                             
0000085a  ADC12MCTL29_L                             
00000825  ADC12MCTL2_H                              
00000824  ADC12MCTL2_L                              
00000826  ADC12MCTL3                                
0000085c  ADC12MCTL30                               
0000085d  ADC12MCTL30_H                             
0000085c  ADC12MCTL30_L                             
0000085e  ADC12MCTL31                               
0000085f  ADC12MCTL31_H                             
0000085e  ADC12MCTL31_L                             
00000827  ADC12MCTL3_H                              
00000826  ADC12MCTL3_L                              
00000828  ADC12MCTL4                                
00000829  ADC12MCTL4_H                              
00000828  ADC12MCTL4_L                              
0000082a  ADC12MCTL5                                
0000082b  ADC12MCTL5_H                              
0000082a  ADC12MCTL5_L                              
0000082c  ADC12MCTL6                                
0000082d  ADC12MCTL6_H                              
0000082c  ADC12MCTL6_L                              
0000082e  ADC12MCTL7                                
0000082f  ADC12MCTL7_H                              
0000082e  ADC12MCTL7_L                              
00000830  ADC12MCTL8                                
00000831  ADC12MCTL8_H                              
00000830  ADC12MCTL8_L                              
00000832  ADC12MCTL9                                
00000833  ADC12MCTL9_H                              
00000832  ADC12MCTL9_L                              
00000860  ADC12MEM0                                 
00000861  ADC12MEM0_H                               
00000860  ADC12MEM0_L                               
00000862  ADC12MEM1                                 
00000874  ADC12MEM10                                
00000875  ADC12MEM10_H                              
00000874  ADC12MEM10_L                              
00000876  ADC12MEM11                                
00000877  ADC12MEM11_H                              
00000876  ADC12MEM11_L                              
00000878  ADC12MEM12                                
00000879  ADC12MEM12_H                              
00000878  ADC12MEM12_L                              
0000087a  ADC12MEM13                                
0000087b  ADC12MEM13_H                              
0000087a  ADC12MEM13_L                              
0000087c  ADC12MEM14                                
0000087d  ADC12MEM14_H                              
0000087c  ADC12MEM14_L                              
0000087e  ADC12MEM15                                
0000087f  ADC12MEM15_H                              
0000087e  ADC12MEM15_L                              
00000880  ADC12MEM16                                
00000881  ADC12MEM16_H                              
00000880  ADC12MEM16_L                              
00000882  ADC12MEM17                                
00000883  ADC12MEM17_H                              
00000882  ADC12MEM17_L                              
00000884  ADC12MEM18                                
00000885  ADC12MEM18_H                              
00000884  ADC12MEM18_L                              
00000886  ADC12MEM19                                
00000887  ADC12MEM19_H                              
00000886  ADC12MEM19_L                              
00000863  ADC12MEM1_H                               
00000862  ADC12MEM1_L                               
00000864  ADC12MEM2                                 
00000888  ADC12MEM20                                
00000889  ADC12MEM20_H                              
00000888  ADC12MEM20_L                              
0000088a  ADC12MEM21                                
0000088b  ADC12MEM21_H                              
0000088a  ADC12MEM21_L                              
0000088c  ADC12MEM22                                
0000088d  ADC12MEM22_H                              
0000088c  ADC12MEM22_L                              
0000088e  ADC12MEM23                                
0000088f  ADC12MEM23_H                              
0000088e  ADC12MEM23_L                              
00000890  ADC12MEM24                                
00000891  ADC12MEM24_H                              
00000890  ADC12MEM24_L                              
00000892  ADC12MEM25                                
00000893  ADC12MEM25_H                              
00000892  ADC12MEM25_L                              
00000894  ADC12MEM26                                
00000895  ADC12MEM26_H                              
00000894  ADC12MEM26_L                              
00000896  ADC12MEM27                                
00000897  ADC12MEM27_H                              
00000896  ADC12MEM27_L                              
00000898  ADC12MEM28                                
00000899  ADC12MEM28_H                              
00000898  ADC12MEM28_L                              
0000089a  ADC12MEM29                                
0000089b  ADC12MEM29_H                              
0000089a  ADC12MEM29_L                              
00000865  ADC12MEM2_H                               
00000864  ADC12MEM2_L                               
00000866  ADC12MEM3                                 
0000089c  ADC12MEM30                                
0000089d  ADC12MEM30_H                              
0000089c  ADC12MEM30_L                              
0000089e  ADC12MEM31                                
0000089f  ADC12MEM31_H                              
0000089e  ADC12MEM31_L                              
00000867  ADC12MEM3_H                               
00000866  ADC12MEM3_L                               
00000868  ADC12MEM4                                 
00000869  ADC12MEM4_H                               
00000868  ADC12MEM4_L                               
0000086a  ADC12MEM5                                 
0000086b  ADC12MEM5_H                               
0000086a  ADC12MEM5_L                               
0000086c  ADC12MEM6                                 
0000086d  ADC12MEM6_H                               
0000086c  ADC12MEM6_L                               
0000086e  ADC12MEM7                                 
0000086f  ADC12MEM7_H                               
0000086e  ADC12MEM7_L                               
00000870  ADC12MEM8                                 
00000871  ADC12MEM8_H                               
00000870  ADC12MEM8_L                               
00000872  ADC12MEM9                                 
00000873  ADC12MEM9_H                               
00000872  ADC12MEM9_L                               
00004a28  ADC12_ISR                                 
00015908  ADC_SETUP                                 
000009c0  AESACTL0                                  
000009c1  AESACTL0_H                                
000009c0  AESACTL0_L                                
000009c2  AESACTL1                                  
000009c3  AESACTL1_H                                
000009c2  AESACTL1_L                                
000009c8  AESADIN                                   
000009c9  AESADIN_H                                 
000009c8  AESADIN_L                                 
000009ca  AESADOUT                                  
000009cb  AESADOUT_H                                
000009ca  AESADOUT_L                                
000009c6  AESAKEY                                   
000009c7  AESAKEY_H                                 
000009c6  AESAKEY_L                                 
000009c4  AESASTAT                                  
000009c5  AESASTAT_H                                
000009c4  AESASTAT_L                                
000009cc  AESAXDIN                                  
000009cd  AESAXDIN_H                                
000009cc  AESAXDIN_L                                
000009ce  AESAXIN                                   
000009cf  AESAXIN_H                                 
000009ce  AESAXIN_L                                 
000004be  BCD2BIN                                   
000004bc  BIN2BCD                                   
00015bb0  C$$EXIT                                   
0001539a  C$$IO$$                                   
0000043e  CAPTIO0CTL                                
0000043f  CAPTIO0CTL_H                              
0000043e  CAPTIO0CTL_L                              
0000047e  CAPTIO1CTL                                
0000047f  CAPTIO1CTL_H                              
0000047e  CAPTIO1CTL_L                              
000008c0  CECTL0                                    
000008c1  CECTL0_H                                  
000008c0  CECTL0_L                                  
000008c2  CECTL1                                    
000008c3  CECTL1_H                                  
000008c2  CECTL1_L                                  
000008c4  CECTL2                                    
000008c5  CECTL2_H                                  
000008c4  CECTL2_L                                  
000008c6  CECTL3                                    
000008c7  CECTL3_H                                  
000008c6  CECTL3_L                                  
000008cc  CEINT                                     
000008cd  CEINT_H                                   
000008cc  CEINT_L                                   
000008ce  CEIV                                      
000008cf  CEIV_H                                    
000008ce  CEIV_L                                    
00000996  CRC16DIRBW0                               
00000997  CRC16DIRBW0_H                             
00000996  CRC16DIRBW0_L                             
00000994  CRC16DIRBW1                               
00000995  CRC16DIRBW1_H                             
00000994  CRC16DIRBW1_L                             
00000990  CRC16DIW0                                 
00000991  CRC16DIW0_H                               
00000990  CRC16DIW0_L                               
00000992  CRC16DIW1                                 
00000993  CRC16DIW1_H                               
00000992  CRC16DIW1_L                               
00000998  CRC16INIRESW0                             
00000999  CRC16INIRESW0_H                           
00000998  CRC16INIRESW0_L                           
0000099e  CRC16RESRW0                               
0000099f  CRC16RESRW0_H                             
0000099e  CRC16RESRW0_L                             
0000099c  CRC16RESRW1                               
0000099d  CRC16RESRW1_H                             
0000099c  CRC16RESRW1_L                             
00000986  CRC32DIRBW0                               
00000987  CRC32DIRBW0_H                             
00000986  CRC32DIRBW0_L                             
00000984  CRC32DIRBW1                               
00000985  CRC32DIRBW1_H                             
00000984  CRC32DIRBW1_L                             
00000980  CRC32DIW0                                 
00000981  CRC32DIW0_H                               
00000980  CRC32DIW0_L                               
00000982  CRC32DIW1                                 
00000983  CRC32DIW1_H                               
00000982  CRC32DIW1_L                               
00000988  CRC32INIRESW0                             
00000989  CRC32INIRESW0_H                           
00000988  CRC32INIRESW0_L                           
0000098a  CRC32INIRESW1                             
0000098b  CRC32INIRESW1_H                           
0000098a  CRC32INIRESW1_L                           
0000098e  CRC32RESRW0                               
0000098f  CRC32RESRW0_H                             
0000098e  CRC32RESRW0_L                             
0000098c  CRC32RESRW1                               
0000098d  CRC32RESRW1_H                             
0000098c  CRC32RESRW1_L                             
00000150  CRCDI                                     
00000152  CRCDIRB                                   
00000153  CRCDIRB_H                                 
00000152  CRCDIRB_L                                 
00000151  CRCDI_H                                   
00000150  CRCDI_L                                   
00000154  CRCINIRES                                 
00000155  CRCINIRES_H                               
00000154  CRCINIRES_L                               
00000156  CRCRESR                                   
00000157  CRCRESR_H                                 
00000156  CRCRESR_L                                 
00000160  CSCTL0                                    
00000161  CSCTL0_H                                  
00000160  CSCTL0_L                                  
00000162  CSCTL1                                    
00000163  CSCTL1_H                                  
00000162  CSCTL1_L                                  
00000164  CSCTL2                                    
00000165  CSCTL2_H                                  
00000164  CSCTL2_L                                  
00000166  CSCTL3                                    
00000167  CSCTL3_H                                  
00000166  CSCTL3_L                                  
00000168  CSCTL4                                    
00000169  CSCTL4_H                                  
00000168  CSCTL4_L                                  
0000016a  CSCTL5                                    
0000016b  CSCTL5_H                                  
0000016a  CSCTL5_L                                  
0000016c  CSCTL6                                    
0000016d  CSCTL6_H                                  
0000016c  CSCTL6_L                                  
00000510  DMA0CTL                                   
00000511  DMA0CTL_H                                 
00000510  DMA0CTL_L                                 
00000516  DMA0DA                                    
00000518  DMA0DAH                                   
00000516  DMA0DAL                                   
00000512  DMA0SA                                    
00000514  DMA0SAH                                   
00000512  DMA0SAL                                   
0000051a  DMA0SZ                                    
00000520  DMA1CTL                                   
00000521  DMA1CTL_H                                 
00000520  DMA1CTL_L                                 
00000526  DMA1DA                                    
00000528  DMA1DAH                                   
00000526  DMA1DAL                                   
00000522  DMA1SA                                    
00000524  DMA1SAH                                   
00000522  DMA1SAL                                   
0000052a  DMA1SZ                                    
00000530  DMA2CTL                                   
00000531  DMA2CTL_H                                 
00000530  DMA2CTL_L                                 
00000536  DMA2DA                                    
00000538  DMA2DAH                                   
00000536  DMA2DAL                                   
00000532  DMA2SA                                    
00000534  DMA2SAH                                   
00000532  DMA2SAL                                   
0000053a  DMA2SZ                                    
00000500  DMACTL0                                   
00000501  DMACTL0_H                                 
00000500  DMACTL0_L                                 
00000502  DMACTL1                                   
00000503  DMACTL1_H                                 
00000502  DMACTL1_L                                 
00000504  DMACTL2                                   
00000505  DMACTL2_H                                 
00000504  DMACTL2_L                                 
00000506  DMACTL3                                   
00000507  DMACTL3_H                                 
00000506  DMACTL3_L                                 
00000508  DMACTL4                                   
00000509  DMACTL4_H                                 
00000508  DMACTL4_L                                 
0000050e  DMAIV                                     
0000050f  DMAIV_H                                   
0000050e  DMAIV_L                                   
00000d20  ESIAFE                                    
00000d21  ESIAFE_H                                  
00000d20  ESIAFE_L                                  
00000d10  ESICNT0                                   
00000d11  ESICNT0_H                                 
00000d10  ESICNT0_L                                 
00000d12  ESICNT1                                   
00000d13  ESICNT1_H                                 
00000d12  ESICNT1_L                                 
00000d14  ESICNT2                                   
00000d15  ESICNT2_H                                 
00000d14  ESICNT2_L                                 
00000d16  ESICNT3                                   
00000d17  ESICNT3_H                                 
00000d16  ESICNT3_L                                 
00000d2a  ESICTL                                    
00000d2b  ESICTL_H                                  
00000d2a  ESICTL_L                                  
00000d40  ESIDAC1R0                                 
00000d41  ESIDAC1R0_H                               
00000d40  ESIDAC1R0_L                               
00000d42  ESIDAC1R1                                 
00000d43  ESIDAC1R1_H                               
00000d42  ESIDAC1R1_L                               
00000d44  ESIDAC1R2                                 
00000d45  ESIDAC1R2_H                               
00000d44  ESIDAC1R2_L                               
00000d46  ESIDAC1R3                                 
00000d47  ESIDAC1R3_H                               
00000d46  ESIDAC1R3_L                               
00000d48  ESIDAC1R4                                 
00000d49  ESIDAC1R4_H                               
00000d48  ESIDAC1R4_L                               
00000d4a  ESIDAC1R5                                 
00000d4b  ESIDAC1R5_H                               
00000d4a  ESIDAC1R5_L                               
00000d4c  ESIDAC1R6                                 
00000d4d  ESIDAC1R6_H                               
00000d4c  ESIDAC1R6_L                               
00000d4e  ESIDAC1R7                                 
00000d4f  ESIDAC1R7_H                               
00000d4e  ESIDAC1R7_L                               
00000d50  ESIDAC2R0                                 
00000d51  ESIDAC2R0_H                               
00000d50  ESIDAC2R0_L                               
00000d52  ESIDAC2R1                                 
00000d53  ESIDAC2R1_H                               
00000d52  ESIDAC2R1_L                               
00000d54  ESIDAC2R2                                 
00000d55  ESIDAC2R2_H                               
00000d54  ESIDAC2R2_L                               
00000d56  ESIDAC2R3                                 
00000d57  ESIDAC2R3_H                               
00000d56  ESIDAC2R3_L                               
00000d58  ESIDAC2R4                                 
00000d59  ESIDAC2R4_H                               
00000d58  ESIDAC2R4_L                               
00000d5a  ESIDAC2R5                                 
00000d5b  ESIDAC2R5_H                               
00000d5a  ESIDAC2R5_L                               
00000d5c  ESIDAC2R6                                 
00000d5d  ESIDAC2R6_H                               
00000d5c  ESIDAC2R6_L                               
00000d5e  ESIDAC2R7                                 
00000d5f  ESIDAC2R7_H                               
00000d5e  ESIDAC2R7_L                               
00000d00  ESIDEBUG1                                 
00000d01  ESIDEBUG1_H                               
00000d00  ESIDEBUG1_L                               
00000d02  ESIDEBUG2                                 
00000d03  ESIDEBUG2_H                               
00000d02  ESIDEBUG2_L                               
00000d04  ESIDEBUG3                                 
00000d05  ESIDEBUG3_H                               
00000d04  ESIDEBUG3_L                               
00000d06  ESIDEBUG4                                 
00000d07  ESIDEBUG4_H                               
00000d06  ESIDEBUG4_L                               
00000d08  ESIDEBUG5                                 
00000d09  ESIDEBUG5_H                               
00000d08  ESIDEBUG5_L                               
00000d1c  ESIINT1                                   
00000d1d  ESIINT1_H                                 
00000d1c  ESIINT1_L                                 
00000d1e  ESIINT2                                   
00000d1f  ESIINT2_H                                 
00000d1e  ESIINT2_L                                 
00000d1a  ESIIV                                     
00000d1b  ESIIV_H                                   
00000d1a  ESIIV_L                                   
00000d28  ESIOSC                                    
00000d29  ESIOSC_H                                  
00000d28  ESIOSC_L                                  
00000d22  ESIPPU                                    
00000d23  ESIPPU_H                                  
00000d22  ESIPPU_L                                  
00000d26  ESIPSM                                    
00000d27  ESIPSM_H                                  
00000d26  ESIPSM_L                                  
00000e00  ESIRAM0                                   
00000e01  ESIRAM1                                   
00000e0a  ESIRAM10                                  
00000e64  ESIRAM100                                 
00000e65  ESIRAM101                                 
00000e66  ESIRAM102                                 
00000e67  ESIRAM103                                 
00000e68  ESIRAM104                                 
00000e69  ESIRAM105                                 
00000e6a  ESIRAM106                                 
00000e6b  ESIRAM107                                 
00000e6c  ESIRAM108                                 
00000e6d  ESIRAM109                                 
00000e0b  ESIRAM11                                  
00000e6e  ESIRAM110                                 
00000e6f  ESIRAM111                                 
00000e70  ESIRAM112                                 
00000e71  ESIRAM113                                 
00000e72  ESIRAM114                                 
00000e73  ESIRAM115                                 
00000e74  ESIRAM116                                 
00000e75  ESIRAM117                                 
00000e76  ESIRAM118                                 
00000e77  ESIRAM119                                 
00000e0c  ESIRAM12                                  
00000e78  ESIRAM120                                 
00000e79  ESIRAM121                                 
00000e7a  ESIRAM122                                 
00000e7b  ESIRAM123                                 
00000e7c  ESIRAM124                                 
00000e7d  ESIRAM125                                 
00000e7e  ESIRAM126                                 
00000e7f  ESIRAM127                                 
00000e0d  ESIRAM13                                  
00000e0e  ESIRAM14                                  
00000e0f  ESIRAM15                                  
00000e10  ESIRAM16                                  
00000e11  ESIRAM17                                  
00000e12  ESIRAM18                                  
00000e13  ESIRAM19                                  
00000e02  ESIRAM2                                   
00000e14  ESIRAM20                                  
00000e15  ESIRAM21                                  
00000e16  ESIRAM22                                  
00000e17  ESIRAM23                                  
00000e18  ESIRAM24                                  
00000e19  ESIRAM25                                  
00000e1a  ESIRAM26                                  
00000e1b  ESIRAM27                                  
00000e1c  ESIRAM28                                  
00000e1d  ESIRAM29                                  
00000e03  ESIRAM3                                   
00000e1e  ESIRAM30                                  
00000e1f  ESIRAM31                                  
00000e20  ESIRAM32                                  
00000e21  ESIRAM33                                  
00000e22  ESIRAM34                                  
00000e23  ESIRAM35                                  
00000e24  ESIRAM36                                  
00000e25  ESIRAM37                                  
00000e26  ESIRAM38                                  
00000e27  ESIRAM39                                  
00000e04  ESIRAM4                                   
00000e28  ESIRAM40                                  
00000e29  ESIRAM41                                  
00000e2a  ESIRAM42                                  
00000e2b  ESIRAM43                                  
00000e2c  ESIRAM44                                  
00000e2d  ESIRAM45                                  
00000e2e  ESIRAM46                                  
00000e2f  ESIRAM47                                  
00000e30  ESIRAM48                                  
00000e31  ESIRAM49                                  
00000e05  ESIRAM5                                   
00000e32  ESIRAM50                                  
00000e33  ESIRAM51                                  
00000e34  ESIRAM52                                  
00000e35  ESIRAM53                                  
00000e36  ESIRAM54                                  
00000e37  ESIRAM55                                  
00000e38  ESIRAM56                                  
00000e39  ESIRAM57                                  
00000e3a  ESIRAM58                                  
00000e3b  ESIRAM59                                  
00000e06  ESIRAM6                                   
00000e3c  ESIRAM60                                  
00000e3d  ESIRAM61                                  
00000e3e  ESIRAM62                                  
00000e3f  ESIRAM63                                  
00000e40  ESIRAM64                                  
00000e41  ESIRAM65                                  
00000e42  ESIRAM66                                  
00000e43  ESIRAM67                                  
00000e44  ESIRAM68                                  
00000e45  ESIRAM69                                  
00000e07  ESIRAM7                                   
00000e46  ESIRAM70                                  
00000e47  ESIRAM71                                  
00000e48  ESIRAM72                                  
00000e49  ESIRAM73                                  
00000e4a  ESIRAM74                                  
00000e4b  ESIRAM75                                  
00000e4c  ESIRAM76                                  
00000e4d  ESIRAM77                                  
00000e4e  ESIRAM78                                  
00000e4f  ESIRAM79                                  
00000e08  ESIRAM8                                   
00000e50  ESIRAM80                                  
00000e51  ESIRAM81                                  
00000e52  ESIRAM82                                  
00000e53  ESIRAM83                                  
00000e54  ESIRAM84                                  
00000e55  ESIRAM85                                  
00000e56  ESIRAM86                                  
00000e57  ESIRAM87                                  
00000e58  ESIRAM88                                  
00000e59  ESIRAM89                                  
00000e09  ESIRAM9                                   
00000e5a  ESIRAM90                                  
00000e5b  ESIRAM91                                  
00000e5c  ESIRAM92                                  
00000e5d  ESIRAM93                                  
00000e5e  ESIRAM94                                  
00000e5f  ESIRAM95                                  
00000e60  ESIRAM96                                  
00000e61  ESIRAM97                                  
00000e62  ESIRAM98                                  
00000e63  ESIRAM99                                  
00000d2c  ESITHR1                                   
00000d2d  ESITHR1_H                                 
00000d2c  ESITHR1_L                                 
00000d2e  ESITHR2                                   
00000d2f  ESITHR2_H                                 
00000d2e  ESITHR2_L                                 
00000d24  ESITSM                                    
00000d60  ESITSM0                                   
00000d61  ESITSM0_H                                 
00000d60  ESITSM0_L                                 
00000d62  ESITSM1                                   
00000d74  ESITSM10                                  
00000d75  ESITSM10_H                                
00000d74  ESITSM10_L                                
00000d76  ESITSM11                                  
00000d77  ESITSM11_H                                
00000d76  ESITSM11_L                                
00000d78  ESITSM12                                  
00000d79  ESITSM12_H                                
00000d78  ESITSM12_L                                
00000d7a  ESITSM13                                  
00000d7b  ESITSM13_H                                
00000d7a  ESITSM13_L                                
00000d7c  ESITSM14                                  
00000d7d  ESITSM14_H                                
00000d7c  ESITSM14_L                                
00000d7e  ESITSM15                                  
00000d7f  ESITSM15_H                                
00000d7e  ESITSM15_L                                
00000d80  ESITSM16                                  
00000d81  ESITSM16_H                                
00000d80  ESITSM16_L                                
00000d82  ESITSM17                                  
00000d83  ESITSM17_H                                
00000d82  ESITSM17_L                                
00000d84  ESITSM18                                  
00000d85  ESITSM18_H                                
00000d84  ESITSM18_L                                
00000d86  ESITSM19                                  
00000d87  ESITSM19_H                                
00000d86  ESITSM19_L                                
00000d63  ESITSM1_H                                 
00000d62  ESITSM1_L                                 
00000d64  ESITSM2                                   
00000d88  ESITSM20                                  
00000d89  ESITSM20_H                                
00000d88  ESITSM20_L                                
00000d8a  ESITSM21                                  
00000d8b  ESITSM21_H                                
00000d8a  ESITSM21_L                                
00000d8c  ESITSM22                                  
00000d8d  ESITSM22_H                                
00000d8c  ESITSM22_L                                
00000d8e  ESITSM23                                  
00000d8f  ESITSM23_H                                
00000d8e  ESITSM23_L                                
00000d90  ESITSM24                                  
00000d91  ESITSM24_H                                
00000d90  ESITSM24_L                                
00000d92  ESITSM25                                  
00000d93  ESITSM25_H                                
00000d92  ESITSM25_L                                
00000d94  ESITSM26                                  
00000d95  ESITSM26_H                                
00000d94  ESITSM26_L                                
00000d96  ESITSM27                                  
00000d97  ESITSM27_H                                
00000d96  ESITSM27_L                                
00000d98  ESITSM28                                  
00000d99  ESITSM28_H                                
00000d98  ESITSM28_L                                
00000d9a  ESITSM29                                  
00000d9b  ESITSM29_H                                
00000d9a  ESITSM29_L                                
00000d65  ESITSM2_H                                 
00000d64  ESITSM2_L                                 
00000d66  ESITSM3                                   
00000d9c  ESITSM30                                  
00000d9d  ESITSM30_H                                
00000d9c  ESITSM30_L                                
00000d9e  ESITSM31                                  
00000d9f  ESITSM31_H                                
00000d9e  ESITSM31_L                                
00000d67  ESITSM3_H                                 
00000d66  ESITSM3_L                                 
00000d68  ESITSM4                                   
00000d69  ESITSM4_H                                 
00000d68  ESITSM4_L                                 
00000d6a  ESITSM5                                   
00000d6b  ESITSM5_H                                 
00000d6a  ESITSM5_L                                 
00000d6c  ESITSM6                                   
00000d6d  ESITSM6_H                                 
00000d6c  ESITSM6_L                                 
00000d6e  ESITSM7                                   
00000d6f  ESITSM7_H                                 
00000d6e  ESITSM7_L                                 
00000d70  ESITSM8                                   
00000d71  ESITSM8_H                                 
00000d70  ESITSM8_L                                 
00000d72  ESITSM9                                   
00000d73  ESITSM9_H                                 
00000d72  ESITSM9_L                                 
00000d25  ESITSM_H                                  
00000d24  ESITSM_L                                  
00000140  FRCTL0                                    
00000141  FRCTL0_H                                  
[...]
00000e21  ESIRAM33                                  
00000e22  ESIRAM34                                  
00000e23  ESIRAM35                                  
00000e24  ESIRAM36                                  
00000e25  ESIRAM37                                  
00000e26  ESIRAM38                                  
00000e27  ESIRAM39                                  
00000e28  ESIRAM40                                  
00000e29  ESIRAM41                                  
00000e2a  ESIRAM42                                  
00000e2b  ESIRAM43                                  
00000e2c  ESIRAM44                                  
00000e2d  ESIRAM45                                  
00000e2e  ESIRAM46                                  
00000e2f  ESIRAM47                                  
00000e30  ESIRAM48                                  
00000e31  ESIRAM49                                  
00000e32  ESIRAM50                                  
00000e33  ESIRAM51                                  
00000e34  ESIRAM52                                  
00000e35  ESIRAM53                                  
00000e36  ESIRAM54                                  
00000e37  ESIRAM55                                  
00000e38  ESIRAM56                                  
00000e39  ESIRAM57                                  
00000e3a  ESIRAM58                                  
00000e3b  ESIRAM59                                  
00000e3c  ESIRAM60                                  
00000e3d  ESIRAM61                                  
00000e3e  ESIRAM62                                  
00000e3f  ESIRAM63                                  
00000e40  ESIRAM64                                  
00000e41  ESIRAM65                                  
00000e42  ESIRAM66                                  
00000e43  ESIRAM67                                  
00000e44  ESIRAM68                                  
00000e45  ESIRAM69                                  
00000e46  ESIRAM70                                  
00000e47  ESIRAM71                                  
00000e48  ESIRAM72                                  
00000e49  ESIRAM73                                  
00000e4a  ESIRAM74                                  
00000e4b  ESIRAM75                                  
00000e4c  ESIRAM76                                  
00000e4d  ESIRAM77                                  
00000e4e  ESIRAM78                                  
00000e4f  ESIRAM79                                  
00000e50  ESIRAM80                                  
00000e51  ESIRAM81                                  
00000e52  ESIRAM82                                  
00000e53  ESIRAM83                                  
00000e54  ESIRAM84                                  
00000e55  ESIRAM85                                  
00000e56  ESIRAM86                                  
00000e57  ESIRAM87                                  
00000e58  ESIRAM88                                  
00000e59  ESIRAM89                                  
00000e5a  ESIRAM90                                  
00000e5b  ESIRAM91                                  
00000e5c  ESIRAM92                                  
00000e5d  ESIRAM93                                  
00000e5e  ESIRAM94                                  
00000e5f  ESIRAM95                                  
00000e60  ESIRAM96                                  
00000e61  ESIRAM97                                  
00000e62  ESIRAM98                                  
00000e63  ESIRAM99                                  
00000e64  ESIRAM100                                 
00000e65  ESIRAM101                                 
00000e66  ESIRAM102                                 
00000e67  ESIRAM103                                 
00000e68  ESIRAM104                                 
00000e69  ESIRAM105                                 
00000e6a  ESIRAM106                                 
00000e6b  ESIRAM107                                 
00000e6c  ESIRAM108                                 
00000e6d  ESIRAM109                                 
00000e6e  ESIRAM110                                 
00000e6f  ESIRAM111                                 
00000e70  ESIRAM112                                 
00000e71  ESIRAM113                                 
00000e72  ESIRAM114                                 
00000e73  ESIRAM115                                 
00000e74  ESIRAM116                                 
00000e75  ESIRAM117                                 
00000e76  ESIRAM118                                 
00000e77  ESIRAM119                                 
00000e78  ESIRAM120                                 
00000e79  ESIRAM121                                 
00000e7a  ESIRAM122                                 
00000e7b  ESIRAM123                                 
00000e7c  ESIRAM124                                 
00000e7d  ESIRAM125                                 
00000e7e  ESIRAM126                                 
00000e7f  ESIRAM127                                 
00001513  mpu_sam_value                             
00001c00  _ftable                                   
00001cc8  _device                                   
00001d40  _stream                                   
00001d7c  ReceiveBuffer                             
00001d90  TransmitBuffer                            
00001da4  initParams                                
00001db0  MasterMode                                
00001db2  TransmitRegAddr                           
00001db3  RXByteCtr                                 
00001db4  ReceiveIndex                              
00001db5  TXByteCtr                                 
00001db6  TransmitIndex                             
00001db7  mode                                      
00001db8  __TI_cleanup_ptr                          
00001dbc  __TI_dtors_ptr                            
00001dc0  _lock                                     
00001dc4  _unlock                                   
00001dc8  __TI_ft_end                               
00001dca  errno                                     
00001dcc  __TI_enable_exit_profile_output           
00001dd0  __TI_tmpnams                              
00001e70  RTC_Buffer                                
00001e90  yh                                        
00001ea4  cAdcBuffer                                
00001eb4  syslogName                                
00001ec0  parmbuf                                   
00001ecc  uiAdcData                                 
00002300  _stack                                    
00002400  __STACK_END                               
00004400  _CIOBUF_                                  
00004400  fram_rw_start                             
00004520  _sys_memory                               
00004800  RTC_ISR                                   
00004800  fram_ipe_end                              
00004800  fram_ipe_start                            
00004800  fram_rx_start                             
00004936  USCI_B0_ISR                               
00004a28  ADC12_ISR                                 
00004a96  PORT1_ISR                                 
00004afe  _c_int00_noargs_mpu                       
00004b1e  USCI_A1_ISR                               
00004b34  TimerA0_ISR                               
00004b42  __TI_ISR_TRAP                             
00004d30  _ctypes_                                  
00004f80  alphabetBig                               
00004ff6  SegmentLoc                                
0000500e  digit                                     
00005022  clock                                     
00005088  __TI_Handler_Table_Base                   
00005094  __TI_Handler_Table_Limit                  
0000509a  __TI_CINIT_Base                           
000050aa  __TI_CINIT_Limit                          
000050aa  __TI_CINIT_Warm                           
0000a501  mpu_ctl0_value                            
0000ffc6  __TI_int27                                
0000ffc8  __TI_int28                                
0000ffca  __TI_int29                                
0000ffcc  __TI_int30                                
0000ffce  __TI_int31                                
0000ffd0  __TI_int32                                
0000ffd2  __TI_int33                                
0000ffd4  __TI_int34                                
0000ffd6  __TI_int35                                
0000ffd8  __TI_int36                                
0000ffda  __TI_int37                                
0000ffdc  __TI_int38                                
0000ffde  __TI_int39                                
0000ffe0  __TI_int40                                
0000ffe2  __TI_int41                                
0000ffe4  __TI_int42                                
0000ffe6  __TI_int43                                
0000ffe8  __TI_int44                                
0000ffea  __TI_int45                                
0000ffec  __TI_int46                                
0000ffee  __TI_int47                                
0000fff0  __TI_int48                                
0000fff2  __TI_int49                                
0000fff4  __TI_int50                                
0000fff6  __TI_int51                                
0000fff8  __TI_int52                                
0000fffa  __TI_int53                                
0000fffc  __TI_int54                                
0000fffe  _reset_vector                             
00010000  __TI_frcdivd                              
00010466  __mspabi_divull                           
000107b4  __mspabi_addd                             
00010a94  __TI_printfi                              
00010d3a  logPrint                                  
00010fe0  __TI_frcmpyd                              
00011742  __mspabi_mpyd                             
000119a8  __TI_frcaddd                              
00011bf0  printTest                                 
00012050  __mspabi_divd                             
00012664  myLCD_showChar                            
00012a0e  myprintf                                  
00012eda  ldexp                                     
00012eda  ldexpl                                    
00012eda  scalbn                                    
00012eda  scalbnl                                   
000132a4  aligned_alloc                             
000132a4  memalign                                  
000134b2  printi                                    
000135aa  fputs                                     
00013784  free                                      
00013866  setvbuf                                   
00013944  main                                      
00013a20  __mspabi_cmpd                             
00013bc0  read_RTC                                  
00013c7e  __TI_renormd                              
00013dd6  frexp                                     
00013dd6  frexpl                                    
00013e7c  myLCD_init                                
00013f1c  __mspabi_fltlid                           
00013fba  HOSTlseek                                 
00014054  LCD_showStringScrollRight                 
000140e8  I2C_ReadByte                              
00014298  fputc                                     
00014298  putc                                      
00014328  LCD_C_setPinAsLCDFunctionEx               
000143b2  I2C_WriteByte                             
0001443a  __TI_ltoa                                 
000144ba  __TI_wrt_ok                               
000145b0  __TI_decompress_lzss                      
00014626  HOSTrename                                
0001469a  __TI_closefile                            
00014782  GPIO_setAsPeripheralModuleFunctionInputPin
000147f4  LCD_C_setMemory                           
00014866  HOSTopen                                  
000148d6  prints                                    
00014946  HOSTwrite                                 
000149b2  HOSTread                                  
00014a1c  fseek                                     
00014a86  u_itoa                                    
00014af0  __mspabi_fixdli                           
00014b56  __TI_doflush                              
00014bba  atoi                                      
00014c1c  close                                     
00014c76  getdevice                                 
00014cd0  __mspabi_divul                            
00014cd0  __mspabi_remul                            
00014d28  vsnprintf                                 
00014d7e  __TI_auto_init_nobinit_nopinit_hold_wdt   
00014dd2  swDelaySec                                
00014e26  LCD_C_setVLCDSource                       
00014e78  HOSTclose                                 
00014f14  initGPIO                                  
00014f62  exit                                      
00014fac  printf                                    
00014ff6  HOSTunlink                                
0001503c  strReverse                                
00015082  sprintf                                   
00015108  utcFormatDateTime                         
0001514a  __mspabi_divli                            
0001514a  __mspabi_remli                            
0001518a  __mspabi_sral_15                          
0001518e  __mspabi_sral_14                          
00015192  __mspabi_sral_13                          
00015196  __mspabi_sral_12                          
0001519a  __mspabi_sral_11                          
0001519e  __mspabi_sral_10                          
000151a2  __mspabi_sral_9                           
000151a6  __mspabi_sral_8                           
000151aa  __mspabi_sral_7                           
000151ae  __mspabi_sral_6                           
000151b2  __mspabi_sral_5                           
000151b6  __mspabi_sral_4                           
000151ba  __mspabi_sral_3                           
000151be  __mspabi_sral_2                           
000151c2  __mspabi_sral_1                           
000151c8  __mspabi_slll_15                          
000151cc  __mspabi_slll_14                          
000151d0  __mspabi_slll_13                          
000151d4  __mspabi_slll_12                          
000151d8  __mspabi_slll_11                          
000151dc  __mspabi_slll_10                          
000151e0  __mspabi_slll_9                           
000151e4  __mspabi_slll_8                           
000151e8  __mspabi_slll_7                           
000151ec  __mspabi_slll_6                           
000151f0  __mspabi_slll_5                           
000151f4  __mspabi_slll_4                           
000151f8  __mspabi_slll_3                           
000151fc  __mspabi_slll_2                           
00015200  __mspabi_slll_1                           
00015206  __mspabi_srll_15                          
0001520a  __mspabi_srll_14                          
0001520e  __mspabi_srll_13                          
00015212  __mspabi_srll_12                          
00015216  __mspabi_srll_11                          
0001521a  __mspabi_srll_10                          
0001521e  __mspabi_srll_9                           
00015222  __mspabi_srll_8                           
00015226  __mspabi_srll_7                           
0001522a  __mspabi_srll_6                           
0001522e  __mspabi_srll_5                           
00015232  __mspabi_srll_4                           
00015236  __mspabi_srll_3                           
0001523a  __mspabi_srll_2                           
0001523e  __mspabi_srll_1                           
00015244  lseek                                     
00015282  write                                     
000152be  __mspabi_sllll                            
000152f8  __mspabi_srlll                            
00015332  __TI_cleanup                              
00015368  __TI_writemsg                             
0001539a  C$$IO$$                                   
000153d4  I2C_Start                                 
00015406  I2C_Stop                                  
00015438  __TI_readmsg                              
0001546a  __mspabi_subd                             
0001549c  strncpy                                   
000154ce  swDelay                                   
00015500  I2C_WriteString                           
00015530  initialize_uart                           
00015560  remove                                    
00015560  unlink                                    
00015590  LCD_C_init                                
000155be  LCD_showString                            
000155ec  __mspabi_negd                             
0001561a  copysign                                  
0001561a  copysignl                                 
00015648  finddevice                                
00015676  I2C_ReadChar                              
000156a2  LCD_C_configChargePump                    
000156ce  __mpu_init                                
00015726  __mspabi_divi                             
00015726  __mspabi_remi                             
0001577c  __mspabi_fixdi                            
000157a4  logDEBUG                                  
000157cc  logINFO                                   
000157f4  memccpy                                   
0001581a  PowerOnLedBlink                           
0001583e  __TI_zero_init_nomemset                   
00015862  __mspabi_mpyl_f5hw                        
00015886  print_uart                                
000158e8  initialize_clock                          
00015908  ADC_SETUP                                 
00015926  LCD_C_setBlinkingControl                  
00015942  strchr                                    
0001595e  strcmp                                    
0001597a  LCD_C_selectChargePumpReference           
00015994  LCD_C_setVLCDVoltage                      
000159ae  LCD_C_selectDisplayMemory                 
000159c6  __mspabi_mpyi_f5hw                        
000159f4  memchr                                    
00015a0a  memset                                    
00015a20  __mspabi_divu                             
00015a20  __mspabi_remu                             
00015a36  wcslen                                    
00015a4c  Read_SDA                                  
00015a74  bcd2bin                                   
00015a88  initialize_timer                          
00015a9c  memcpy                                    
00015ab0  set_RTC                                   
00015ac4  __TI_decompress_none                      
00015ad6  strcpy                                    
00015ae8  toupper                                   
00015afa  __mspabi_sral                             
00015b0a  __mspabi_slll                             
00015b1a  __mspabi_srll                             
00015b2a  LCD_C_enableChargePump                    
00015b38  putChar                                   
00015b46  strlen                                    
00015b54  LCD_C_clearBlinkingMemory                 
00015b60  LCD_C_clearMemory                         
00015b6c  __mspabi_fltid                            
00015b78  abs                                       
00015b82  __mspabi_slli                             
00015b8c  __mspabi_srli                             
00015b96  malloc                                    
00015b9e  LCD_C_off                                 
00015ba4  LCD_C_on                                  
00015bb0  C$$EXIT                                   
00015bb0  abort                                     
00015bba  _system_pre_init                          
00015bbe  _nop                                      
00015bc0  _system_post_cinit                        
ffffffff  __TI_pprof_out_hndl                       
ffffffff  __TI_prof_data_size                       
ffffffff  __TI_prof_data_start                      
ffffffff  __c_args__                                

[1681 symbols]
