<?xml version="1.0" encoding="ISO-8859-1" ?>
<link_info>
   <banner>MSP430 Linker PC v20.8.0.STS</banner>
   <copyright>Copyright (c) 2003-2018 Texas Instruments Incorporated</copyright>
   <link_time>0x614a97b0</link_time>
   <link_errors>0x0</link_errors>
   <output_file>LCD_ASCII.out</output_file>
   <entry_point>
      <name>_c_int00_noargs_mpu</name>
      <address>0x4afe</address>
   </entry_point>
   <input_file_list>
      <input_file id="fl-2">
         <path>.\</path>
         <kind>object</kind>
         <file>at24c04.obj</file>
         <name>at24c04.obj</name>
      </input_file>
      <input_file id="fl-3">
         <path>.\</path>
         <kind>object</kind>
         <file>delay.obj</file>
         <name>delay.obj</name>
      </input_file>
      <input_file id="fl-4">
         <path>.\</path>
         <kind>object</kind>
         <file>ds1307.obj</file>
         <name>ds1307.obj</name>
      </input_file>
      <input_file id="fl-5">
         <path>.\</path>
         <kind>object</kind>
         <file>i2c_gpio.obj</file>
         <name>i2c_gpio.obj</name>
      </input_file>
      <input_file id="fl-6">
         <path>.\</path>
         <kind>object</kind>
         <file>i2c_interface.obj</file>
         <name>i2c_interface.obj</name>
      </input_file>
      <input_file id="fl-7">
         <path>.\</path>
         <kind>object</kind>
         <file>isrDefs.obj</file>
         <name>isrDefs.obj</name>
      </input_file>
      <input_file id="fl-8">
         <path>.\</path>
         <kind>object</kind>
         <file>main.obj</file>
         <name>main.obj</name>
      </input_file>
      <input_file id="fl-9">
         <path>.\</path>
         <kind>object</kind>
         <file>myClocksWithCrystals.obj</file>
         <name>myClocksWithCrystals.obj</name>
      </input_file>
      <input_file id="fl-a">
         <path>.\</path>
         <kind>object</kind>
         <file>myGpio.obj</file>
         <name>myGpio.obj</name>
      </input_file>
      <input_file id="fl-b">
         <path>.\</path>
         <kind>object</kind>
         <file>myLcd.obj</file>
         <name>myLcd.obj</name>
      </input_file>
      <input_file id="fl-c">
         <path>.\</path>
         <kind>object</kind>
         <file>myprintf.obj</file>
         <name>myprintf.obj</name>
      </input_file>
      <input_file id="fl-d">
         <path>.\</path>
         <kind>object</kind>
         <file>sys_log.obj</file>
         <name>sys_log.obj</name>
      </input_file>
      <input_file id="fl-e">
         <path>.\</path>
         <kind>object</kind>
         <file>utils.obj</file>
         <name>utils.obj</name>
      </input_file>
      <input_file id="fl-f">
         <path>.\driverlib\MSP430FR5xx_6xx\</path>
         <kind>object</kind>
         <file>adc12_b.obj</file>
         <name>adc12_b.obj</name>
      </input_file>
      <input_file id="fl-10">
         <path>.\driverlib\MSP430FR5xx_6xx\</path>
         <kind>object</kind>
         <file>aes256.obj</file>
         <name>aes256.obj</name>
      </input_file>
      <input_file id="fl-11">
         <path>.\driverlib\MSP430FR5xx_6xx\</path>
         <kind>object</kind>
         <file>comp_e.obj</file>
         <name>comp_e.obj</name>
      </input_file>
      <input_file id="fl-12">
         <path>.\driverlib\MSP430FR5xx_6xx\</path>
         <kind>object</kind>
         <file>crc.obj</file>
         <name>crc.obj</name>
      </input_file>
      <input_file id="fl-13">
         <path>.\driverlib\MSP430FR5xx_6xx\</path>
         <kind>object</kind>
         <file>crc32.obj</file>
         <name>crc32.obj</name>
      </input_file>
      <input_file id="fl-14">
         <path>.\driverlib\MSP430FR5xx_6xx\</path>
         <kind>object</kind>
         <file>cs.obj</file>
         <name>cs.obj</name>
      </input_file>
      <input_file id="fl-15">
         <path>.\driverlib\MSP430FR5xx_6xx\</path>
         <kind>object</kind>
         <file>dma.obj</file>
         <name>dma.obj</name>
      </input_file>
      <input_file id="fl-16">
         <path>.\driverlib\MSP430FR5xx_6xx\</path>
         <kind>object</kind>
         <file>esi.obj</file>
         <name>esi.obj</name>
      </input_file>
      <input_file id="fl-17">
         <path>.\driverlib\MSP430FR5xx_6xx\</path>
         <kind>object</kind>
         <file>eusci_a_spi.obj</file>
         <name>eusci_a_spi.obj</name>
      </input_file>
      <input_file id="fl-18">
         <path>.\driverlib\MSP430FR5xx_6xx\</path>
         <kind>object</kind>
         <file>eusci_a_uart.obj</file>
         <name>eusci_a_uart.obj</name>
      </input_file>
      <input_file id="fl-19">
         <path>.\driverlib\MSP430FR5xx_6xx\</path>
         <kind>object</kind>
         <file>eusci_b_i2c.obj</file>
         <name>eusci_b_i2c.obj</name>
      </input_file>
      <input_file id="fl-1a">
         <path>.\driverlib\MSP430FR5xx_6xx\</path>
         <kind>object</kind>
         <file>eusci_b_spi.obj</file>
         <name>eusci_b_spi.obj</name>
      </input_file>
      <input_file id="fl-1b">
         <path>.\driverlib\MSP430FR5xx_6xx\</path>
         <kind>object</kind>
         <file>framctl.obj</file>
         <name>framctl.obj</name>
      </input_file>
      <input_file id="fl-1c">
         <path>.\driverlib\MSP430FR5xx_6xx\</path>
         <kind>object</kind>
         <file>gpio.obj</file>
         <name>gpio.obj</name>
      </input_file>
      <input_file id="fl-1d">
         <path>.\driverlib\MSP430FR5xx_6xx\</path>
         <kind>object</kind>
         <file>lcd_c.obj</file>
         <name>lcd_c.obj</name>
      </input_file>
      <input_file id="fl-1e">
         <path>.\driverlib\MSP430FR5xx_6xx\</path>
         <kind>object</kind>
         <file>mpu.obj</file>
         <name>mpu.obj</name>
      </input_file>
      <input_file id="fl-1f">
         <path>.\driverlib\MSP430FR5xx_6xx\</path>
         <kind>object</kind>
         <file>mpy32.obj</file>
         <name>mpy32.obj</name>
      </input_file>
      <input_file id="fl-20">
         <path>.\driverlib\MSP430FR5xx_6xx\</path>
         <kind>object</kind>
         <file>pmm.obj</file>
         <name>pmm.obj</name>
      </input_file>
      <input_file id="fl-21">
         <path>.\driverlib\MSP430FR5xx_6xx\</path>
         <kind>object</kind>
         <file>ram.obj</file>
         <name>ram.obj</name>
      </input_file>
      <input_file id="fl-22">
         <path>.\driverlib\MSP430FR5xx_6xx\</path>
         <kind>object</kind>
         <file>ref_a.obj</file>
         <name>ref_a.obj</name>
      </input_file>
      <input_file id="fl-23">
         <path>.\driverlib\MSP430FR5xx_6xx\</path>
         <kind>object</kind>
         <file>rtc_b.obj</file>
         <name>rtc_b.obj</name>
      </input_file>
      <input_file id="fl-24">
         <path>.\driverlib\MSP430FR5xx_6xx\</path>
         <kind>object</kind>
         <file>rtc_c.obj</file>
         <name>rtc_c.obj</name>
      </input_file>
      <input_file id="fl-25">
         <path>.\driverlib\MSP430FR5xx_6xx\</path>
         <kind>object</kind>
         <file>sfr.obj</file>
         <name>sfr.obj</name>
      </input_file>
      <input_file id="fl-26">
         <path>.\driverlib\MSP430FR5xx_6xx\</path>
         <kind>object</kind>
         <file>sysctl.obj</file>
         <name>sysctl.obj</name>
      </input_file>
      <input_file id="fl-27">
         <path>.\driverlib\MSP430FR5xx_6xx\</path>
         <kind>object</kind>
         <file>timer_a.obj</file>
         <name>timer_a.obj</name>
      </input_file>
      <input_file id="fl-28">
         <path>.\driverlib\MSP430FR5xx_6xx\</path>
         <kind>object</kind>
         <file>timer_b.obj</file>
         <name>timer_b.obj</name>
      </input_file>
      <input_file id="fl-29">
         <path>.\driverlib\MSP430FR5xx_6xx\</path>
         <kind>object</kind>
         <file>tlv.obj</file>
         <name>tlv.obj</name>
      </input_file>
      <input_file id="fl-2a">
         <path>.\driverlib\MSP430FR5xx_6xx\</path>
         <kind>object</kind>
         <file>wdt_a.obj</file>
         <name>wdt_a.obj</name>
      </input_file>
      <input_file id="fl-31">
         <kind>object</kind>
         <file>&lt;internal&gt;</file>
         <name>&lt;internal&gt;</name>
      </input_file>
      <input_file id="fl-51">
         <path>C:\ti\ccsv7\tools\compiler\ti-cgt-msp430_20.8.0.STS\lib\</path>
         <kind>archive</kind>
         <file>rts430x_lc_rd_eabi.lib</file>
         <name>copy_decompress_lzss.c.obj</name>
      </input_file>
      <input_file id="fl-52">
         <path>C:\ti\ccsv7\tools\compiler\ti-cgt-msp430_20.8.0.STS\lib\</path>
         <kind>archive</kind>
         <file>rts430x_lc_rd_eabi.lib</file>
         <name>copy_decompress_none.c.obj</name>
      </input_file>
      <input_file id="fl-53">
         <path>C:\ti\ccsv7\tools\compiler\ti-cgt-msp430_20.8.0.STS\lib\</path>
         <kind>archive</kind>
         <file>rts430x_lc_rd_eabi.lib</file>
         <name>int27.asm.obj</name>
      </input_file>
      <input_file id="fl-54">
         <path>C:\ti\ccsv7\tools\compiler\ti-cgt-msp430_20.8.0.STS\lib\</path>
         <kind>archive</kind>
         <file>rts430x_lc_rd_eabi.lib</file>
         <name>isr_trap.asm.obj</name>
      </input_file>
      <input_file id="fl-55">
         <path>C:\ti\ccsv7\tools\compiler\ti-cgt-msp430_20.8.0.STS\lib\</path>
         <kind>archive</kind>
         <file>rts430x_lc_rd_eabi.lib</file>
         <name>int29.asm.obj</name>
      </input_file>
      <input_file id="fl-56">
         <path>C:\ti\ccsv7\tools\compiler\ti-cgt-msp430_20.8.0.STS\lib\</path>
         <kind>archive</kind>
         <file>rts430x_lc_rd_eabi.lib</file>
         <name>int30.asm.obj</name>
      </input_file>
      <input_file id="fl-57">
         <path>C:\ti\ccsv7\tools\compiler\ti-cgt-msp430_20.8.0.STS\lib\</path>
         <kind>archive</kind>
         <file>rts430x_lc_rd_eabi.lib</file>
         <name>int31.asm.obj</name>
      </input_file>
      <input_file id="fl-58">
         <path>C:\ti\ccsv7\tools\compiler\ti-cgt-msp430_20.8.0.STS\lib\</path>
         <kind>archive</kind>
         <file>rts430x_lc_rd_eabi.lib</file>
         <name>int32.asm.obj</name>
      </input_file>
      <input_file id="fl-59">
         <path>C:\ti\ccsv7\tools\compiler\ti-cgt-msp430_20.8.0.STS\lib\</path>
         <kind>archive</kind>
         <file>rts430x_lc_rd_eabi.lib</file>
         <name>int33.asm.obj</name>
      </input_file>
      <input_file id="fl-5a">
         <path>C:\ti\ccsv7\tools\compiler\ti-cgt-msp430_20.8.0.STS\lib\</path>
         <kind>archive</kind>
         <file>rts430x_lc_rd_eabi.lib</file>
         <name>int34.asm.obj</name>
      </input_file>
      <input_file id="fl-5b">
         <path>C:\ti\ccsv7\tools\compiler\ti-cgt-msp430_20.8.0.STS\lib\</path>
         <kind>archive</kind>
         <file>rts430x_lc_rd_eabi.lib</file>
         <name>int35.asm.obj</name>
      </input_file>
      <input_file id="fl-5c">
         <path>C:\ti\ccsv7\tools\compiler\ti-cgt-msp430_20.8.0.STS\lib\</path>
         <kind>archive</kind>
         <file>rts430x_lc_rd_eabi.lib</file>
         <name>int36.asm.obj</name>
      </input_file>
      <input_file id="fl-5d">
         <path>C:\ti\ccsv7\tools\compiler\ti-cgt-msp430_20.8.0.STS\lib\</path>
         <kind>archive</kind>
         <file>rts430x_lc_rd_eabi.lib</file>
         <name>int38.asm.obj</name>
      </input_file>
      <input_file id="fl-5e">
         <path>C:\ti\ccsv7\tools\compiler\ti-cgt-msp430_20.8.0.STS\lib\</path>
         <kind>archive</kind>
         <file>rts430x_lc_rd_eabi.lib</file>
         <name>int39.asm.obj</name>
      </input_file>
      <input_file id="fl-5f">
         <path>C:\ti\ccsv7\tools\compiler\ti-cgt-msp430_20.8.0.STS\lib\</path>
         <kind>archive</kind>
         <file>rts430x_lc_rd_eabi.lib</file>
         <name>int40.asm.obj</name>
      </input_file>
      <input_file id="fl-60">
         <path>C:\ti\ccsv7\tools\compiler\ti-cgt-msp430_20.8.0.STS\lib\</path>
         <kind>archive</kind>
         <file>rts430x_lc_rd_eabi.lib</file>
         <name>int41.asm.obj</name>
      </input_file>
      <input_file id="fl-61">
         <path>C:\ti\ccsv7\tools\compiler\ti-cgt-msp430_20.8.0.STS\lib\</path>
         <kind>archive</kind>
         <file>rts430x_lc_rd_eabi.lib</file>
         <name>int43.asm.obj</name>
      </input_file>
      <input_file id="fl-62">
         <path>C:\ti\ccsv7\tools\compiler\ti-cgt-msp430_20.8.0.STS\lib\</path>
         <kind>archive</kind>
         <file>rts430x_lc_rd_eabi.lib</file>
         <name>int47.asm.obj</name>
      </input_file>
      <input_file id="fl-63">
         <path>C:\ti\ccsv7\tools\compiler\ti-cgt-msp430_20.8.0.STS\lib\</path>
         <kind>archive</kind>
         <file>rts430x_lc_rd_eabi.lib</file>
         <name>int48.asm.obj</name>
      </input_file>
      <input_file id="fl-64">
         <path>C:\ti\ccsv7\tools\compiler\ti-cgt-msp430_20.8.0.STS\lib\</path>
         <kind>archive</kind>
         <file>rts430x_lc_rd_eabi.lib</file>
         <name>int49.asm.obj</name>
      </input_file>
      <input_file id="fl-65">
         <path>C:\ti\ccsv7\tools\compiler\ti-cgt-msp430_20.8.0.STS\lib\</path>
         <kind>archive</kind>
         <file>rts430x_lc_rd_eabi.lib</file>
         <name>int50.asm.obj</name>
      </input_file>
      <input_file id="fl-66">
         <path>C:\ti\ccsv7\tools\compiler\ti-cgt-msp430_20.8.0.STS\lib\</path>
         <kind>archive</kind>
         <file>rts430x_lc_rd_eabi.lib</file>
         <name>int51.asm.obj</name>
      </input_file>
      <input_file id="fl-67">
         <path>C:\ti\ccsv7\tools\compiler\ti-cgt-msp430_20.8.0.STS\lib\</path>
         <kind>archive</kind>
         <file>rts430x_lc_rd_eabi.lib</file>
         <name>int52.asm.obj</name>
      </input_file>
      <input_file id="fl-68">
         <path>C:\ti\ccsv7\tools\compiler\ti-cgt-msp430_20.8.0.STS\lib\</path>
         <kind>archive</kind>
         <file>rts430x_lc_rd_eabi.lib</file>
         <name>int53.asm.obj</name>
      </input_file>
      <input_file id="fl-69">
         <path>C:\ti\ccsv7\tools\compiler\ti-cgt-msp430_20.8.0.STS\lib\</path>
         <kind>archive</kind>
         <file>rts430x_lc_rd_eabi.lib</file>
         <name>int54.asm.obj</name>
      </input_file>
      <input_file id="fl-6a">
         <path>C:\ti\ccsv7\tools\compiler\ti-cgt-msp430_20.8.0.STS\lib\</path>
         <kind>archive</kind>
         <file>rts430x_lc_rd_eabi.lib</file>
         <name>copy_zero_init.c.obj</name>
      </input_file>
      <input_file id="fl-6b">
         <path>C:\ti\ccsv7\tools\compiler\ti-cgt-msp430_20.8.0.STS\lib\</path>
         <kind>archive</kind>
         <file>rts430x_lc_rd_eabi.lib</file>
         <name>cvtdf.c.obj</name>
      </input_file>
      <input_file id="fl-6c">
         <path>C:\ti\ccsv7\tools\compiler\ti-cgt-msp430_20.8.0.STS\lib\</path>
         <kind>archive</kind>
         <file>rts430x_lc_rd_eabi.lib</file>
         <name>cvtfd.c.obj</name>
      </input_file>
      <input_file id="fl-6d">
         <path>C:\ti\ccsv7\tools\compiler\ti-cgt-msp430_20.8.0.STS\lib\</path>
         <kind>archive</kind>
         <file>rts430x_lc_rd_eabi.lib</file>
         <name>div16s.asm.obj</name>
      </input_file>
      <input_file id="fl-6e">
         <path>C:\ti\ccsv7\tools\compiler\ti-cgt-msp430_20.8.0.STS\lib\</path>
         <kind>archive</kind>
         <file>rts430x_lc_rd_eabi.lib</file>
         <name>div32s.asm.obj</name>
      </input_file>
      <input_file id="fl-6f">
         <path>C:\ti\ccsv7\tools\compiler\ti-cgt-msp430_20.8.0.STS\lib\</path>
         <kind>archive</kind>
         <file>rts430x_lc_rd_eabi.lib</file>
         <name>div16u.asm.obj</name>
      </input_file>
      <input_file id="fl-70">
         <path>C:\ti\ccsv7\tools\compiler\ti-cgt-msp430_20.8.0.STS\lib\</path>
         <kind>archive</kind>
         <file>rts430x_lc_rd_eabi.lib</file>
         <name>div32u.asm.obj</name>
      </input_file>
      <input_file id="fl-71">
         <path>C:\ti\ccsv7\tools\compiler\ti-cgt-msp430_20.8.0.STS\lib\</path>
         <kind>archive</kind>
         <file>rts430x_lc_rd_eabi.lib</file>
         <name>fs_toi.asm.obj</name>
      </input_file>
      <input_file id="fl-72">
         <path>C:\ti\ccsv7\tools\compiler\ti-cgt-msp430_20.8.0.STS\lib\</path>
         <kind>archive</kind>
         <file>rts430x_lc_rd_eabi.lib</file>
         <name>fltid.c.obj</name>
      </input_file>
      <input_file id="fl-73">
         <path>C:\ti\ccsv7\tools\compiler\ti-cgt-msp430_20.8.0.STS\lib\</path>
         <kind>archive</kind>
         <file>rts430x_lc_rd_eabi.lib</file>
         <name>fs_itof.asm.obj</name>
      </input_file>
      <input_file id="fl-74">
         <path>C:\ti\ccsv7\tools\compiler\ti-cgt-msp430_20.8.0.STS\lib\</path>
         <kind>archive</kind>
         <file>rts430x_lc_rd_eabi.lib</file>
         <name>fltlid.c.obj</name>
      </input_file>
      <input_file id="fl-75">
         <path>C:\ti\ccsv7\tools\compiler\ti-cgt-msp430_20.8.0.STS\lib\</path>
         <kind>archive</kind>
         <file>rts430x_lc_rd_eabi.lib</file>
         <name>mpyd.c.obj</name>
      </input_file>
      <input_file id="fl-76">
         <path>C:\ti\ccsv7\tools\compiler\ti-cgt-msp430_20.8.0.STS\lib\</path>
         <kind>archive</kind>
         <file>rts430x_lc_rd_eabi.lib</file>
         <name>frcmpyd.c.obj</name>
      </input_file>
      <input_file id="fl-77">
         <path>C:\ti\ccsv7\tools\compiler\ti-cgt-msp430_20.8.0.STS\lib\</path>
         <kind>archive</kind>
         <file>rts430x_lc_rd_eabi.lib</file>
         <name>mult16.asm.obj</name>
      </input_file>
      <input_file id="fl-78">
         <path>C:\ti\ccsv7\tools\compiler\ti-cgt-msp430_20.8.0.STS\lib\</path>
         <kind>archive</kind>
         <file>rts430x_lc_rd_eabi.lib</file>
         <name>mult16_f5hw.asm.obj</name>
      </input_file>
      <input_file id="fl-79">
         <path>C:\ti\ccsv7\tools\compiler\ti-cgt-msp430_20.8.0.STS\lib\</path>
         <kind>archive</kind>
         <file>rts430x_lc_rd_eabi.lib</file>
         <name>mult32.asm.obj</name>
      </input_file>
      <input_file id="fl-7a">
         <path>C:\ti\ccsv7\tools\compiler\ti-cgt-msp430_20.8.0.STS\lib\</path>
         <kind>archive</kind>
         <file>rts430x_lc_rd_eabi.lib</file>
         <name>mult32_f5hw.asm.obj</name>
      </input_file>
      <input_file id="fl-7b">
         <path>C:\ti\ccsv7\tools\compiler\ti-cgt-msp430_20.8.0.STS\lib\</path>
         <kind>archive</kind>
         <file>rts430x_lc_rd_eabi.lib</file>
         <name>mult64_f5hw.asm.obj</name>
      </input_file>
      <input_file id="fl-7c">
         <path>C:\ti\ccsv7\tools\compiler\ti-cgt-msp430_20.8.0.STS\lib\</path>
         <kind>archive</kind>
         <file>rts430x_lc_rd_eabi.lib</file>
         <name>mult1632_f5hw.asm.obj</name>
      </input_file>
      <input_file id="fl-7d">
         <path>C:\ti\ccsv7\tools\compiler\ti-cgt-msp430_20.8.0.STS\lib\</path>
         <kind>archive</kind>
         <file>rts430x_lc_rd_eabi.lib</file>
         <name>mult3264_f5hw.asm.obj</name>
      </input_file>
      <input_file id="fl-7e">
         <path>C:\ti\ccsv7\tools\compiler\ti-cgt-msp430_20.8.0.STS\lib\</path>
         <kind>archive</kind>
         <file>rts430x_lc_rd_eabi.lib</file>
         <name>lsl16.asm.obj</name>
      </input_file>
      <input_file id="fl-7f">
         <path>C:\ti\ccsv7\tools\compiler\ti-cgt-msp430_20.8.0.STS\lib\</path>
         <kind>archive</kind>
         <file>rts430x_lc_rd_eabi.lib</file>
         <name>lsl32.asm.obj</name>
      </input_file>
      <input_file id="fl-80">
         <path>C:\ti\ccsv7\tools\compiler\ti-cgt-msp430_20.8.0.STS\lib\</path>
         <kind>archive</kind>
         <file>rts430x_lc_rd_eabi.lib</file>
         <name>asr16.asm.obj</name>
      </input_file>
      <input_file id="fl-81">
         <path>C:\ti\ccsv7\tools\compiler\ti-cgt-msp430_20.8.0.STS\lib\</path>
         <kind>archive</kind>
         <file>rts430x_lc_rd_eabi.lib</file>
         <name>asr32.asm.obj</name>
      </input_file>
      <input_file id="fl-82">
         <path>C:\ti\ccsv7\tools\compiler\ti-cgt-msp430_20.8.0.STS\lib\</path>
         <kind>archive</kind>
         <file>rts430x_lc_rd_eabi.lib</file>
         <name>lsr16.asm.obj</name>
      </input_file>
      <input_file id="fl-83">
         <path>C:\ti\ccsv7\tools\compiler\ti-cgt-msp430_20.8.0.STS\lib\</path>
         <kind>archive</kind>
         <file>rts430x_lc_rd_eabi.lib</file>
         <name>lsr32.asm.obj</name>
      </input_file>
      <input_file id="fl-84">
         <path>C:\ti\ccsv7\tools\compiler\ti-cgt-msp430_20.8.0.STS\lib\</path>
         <kind>archive</kind>
         <file>rts430x_lc_rd_eabi.lib</file>
         <name>lsr64.c.obj</name>
      </input_file>
      <input_file id="fl-85">
         <path>C:\ti\ccsv7\tools\compiler\ti-cgt-msp430_20.8.0.STS\lib\</path>
         <kind>archive</kind>
         <file>rts430x_lc_rd_eabi.lib</file>
         <name>fs_add.asm.obj</name>
      </input_file>
      <input_file id="fl-86">
         <path>C:\ti\ccsv7\tools\compiler\ti-cgt-msp430_20.8.0.STS\lib\</path>
         <kind>archive</kind>
         <file>rts430x_lc_rd_eabi.lib</file>
         <name>boot.c.obj</name>
      </input_file>
      <input_file id="fl-87">
         <path>C:\ti\ccsv7\ccs_base\msp430\lib\FR59xx\</path>
         <kind>archive</kind>
         <file>MSPMPU_INIT_LIB_CCS_msp430_large_code_restricted_data.lib</file>
         <name>mpu_init.o</name>
      </input_file>
      <input_file id="fl-88">
         <path>C:\ti\ccsv7\tools\compiler\ti-cgt-msp430_20.8.0.STS\lib\</path>
         <kind>archive</kind>
         <file>rts430x_lc_rd_eabi.lib</file>
         <name>args_main.c.obj</name>
      </input_file>
      <input_file id="fl-89">
         <path>C:\ti\ccsv7\tools\compiler\ti-cgt-msp430_20.8.0.STS\lib\</path>
         <kind>archive</kind>
         <file>rts430x_lc_rd_eabi.lib</file>
         <name>autoinit.c.obj</name>
      </input_file>
      <input_file id="fl-8a">
         <path>C:\ti\ccsv7\tools\compiler\ti-cgt-msp430_20.8.0.STS\lib\</path>
         <kind>archive</kind>
         <file>rts430x_lc_rd_eabi.lib</file>
         <name>startup.c.obj</name>
      </input_file>
      <input_file id="fl-8b">
         <path>C:\ti\ccsv7\tools\compiler\ti-cgt-msp430_20.8.0.STS\lib\</path>
         <kind>archive</kind>
         <file>rts430x_lc_rd_eabi.lib</file>
         <name>pre_init.c.obj</name>
      </input_file>
      <input_file id="fl-8c">
         <path>C:\ti\ccsv7\tools\compiler\ti-cgt-msp430_20.8.0.STS\lib\</path>
         <kind>archive</kind>
         <file>rts430x_lc_rd_eabi.lib</file>
         <name>cpy_tbl.c.obj</name>
      </input_file>
      <input_file id="fl-8d">
         <path>C:\ti\ccsv7\tools\compiler\ti-cgt-msp430_20.8.0.STS\lib\</path>
         <kind>archive</kind>
         <file>rts430x_lc_rd_eabi.lib</file>
         <name>exit.c.obj</name>
      </input_file>
      <input_file id="fl-8e">
         <path>C:\ti\ccsv7\tools\compiler\ti-cgt-msp430_20.8.0.STS\lib\</path>
         <kind>archive</kind>
         <file>rts430x_lc_rd_eabi.lib</file>
         <name>exit_gvars.c.obj</name>
      </input_file>
      <input_file id="fl-8f">
         <path>C:\ti\ccsv7\tools\compiler\ti-cgt-msp430_20.8.0.STS\lib\</path>
         <kind>archive</kind>
         <file>rts430x_lc_rd_eabi.lib</file>
         <name>_lock.c.obj</name>
      </input_file>
      <input_file id="fl-90">
         <path>C:\ti\ccsv7\tools\compiler\ti-cgt-msp430_20.8.0.STS\lib\</path>
         <kind>archive</kind>
         <file>rts430x_lc_rd_eabi.lib</file>
         <name>memory.c.obj</name>
      </input_file>
      <input_file id="fl-91">
         <path>C:\ti\ccsv7\tools\compiler\ti-cgt-msp430_20.8.0.STS\lib\</path>
         <kind>archive</kind>
         <file>rts430x_lc_rd_eabi.lib</file>
         <name>memcpy.c.obj</name>
      </input_file>
      <input_file id="fl-92">
         <path>C:\ti\ccsv7\tools\compiler\ti-cgt-msp430_20.8.0.STS\lib\</path>
         <kind>archive</kind>
         <file>rts430x_lc_rd_eabi.lib</file>
         <name>memset.c.obj</name>
      </input_file>
      <input_file id="fl-93">
         <path>C:\ti\ccsv7\tools\compiler\ti-cgt-msp430_20.8.0.STS\lib\</path>
         <kind>archive</kind>
         <file>rts430x_lc_rd_eabi.lib</file>
         <name>e_pow.c.obj</name>
      </input_file>
      <input_file id="fl-94">
         <path>C:\ti\ccsv7\tools\compiler\ti-cgt-msp430_20.8.0.STS\lib\</path>
         <kind>archive</kind>
         <file>rts430x_lc_rd_eabi.lib</file>
         <name>addd.c.obj</name>
      </input_file>
      <input_file id="fl-95">
         <path>C:\ti\ccsv7\tools\compiler\ti-cgt-msp430_20.8.0.STS\lib\</path>
         <kind>archive</kind>
         <file>rts430x_lc_rd_eabi.lib</file>
         <name>frcaddd.c.obj</name>
      </input_file>
      <input_file id="fl-96">
         <path>C:\ti\ccsv7\tools\compiler\ti-cgt-msp430_20.8.0.STS\lib\</path>
         <kind>archive</kind>
         <file>rts430x_lc_rd_eabi.lib</file>
         <name>renormd.c.obj</name>
      </input_file>
      <input_file id="fl-97">
         <path>C:\ti\ccsv7\tools\compiler\ti-cgt-msp430_20.8.0.STS\lib\</path>
         <kind>archive</kind>
         <file>rts430x_lc_rd_eabi.lib</file>
         <name>cmpd.c.obj</name>
      </input_file>
      <input_file id="fl-98">
         <path>C:\ti\ccsv7\tools\compiler\ti-cgt-msp430_20.8.0.STS\lib\</path>
         <kind>archive</kind>
         <file>rts430x_lc_rd_eabi.lib</file>
         <name>divd.c.obj</name>
      </input_file>
      <input_file id="fl-99">
         <path>C:\ti\ccsv7\tools\compiler\ti-cgt-msp430_20.8.0.STS\lib\</path>
         <kind>archive</kind>
         <file>rts430x_lc_rd_eabi.lib</file>
         <name>frcdivd.c.obj</name>
      </input_file>
      <input_file id="fl-9a">
         <path>C:\ti\ccsv7\tools\compiler\ti-cgt-msp430_20.8.0.STS\lib\</path>
         <kind>archive</kind>
         <file>rts430x_lc_rd_eabi.lib</file>
         <name>negd.c.obj</name>
      </input_file>
      <input_file id="fl-9b">
         <path>C:\ti\ccsv7\tools\compiler\ti-cgt-msp430_20.8.0.STS\lib\</path>
         <kind>archive</kind>
         <file>rts430x_lc_rd_eabi.lib</file>
         <name>subd.c.obj</name>
      </input_file>
      <input_file id="fl-9c">
         <path>C:\ti\ccsv7\tools\compiler\ti-cgt-msp430_20.8.0.STS\lib\</path>
         <kind>archive</kind>
         <file>rts430x_lc_rd_eabi.lib</file>
         <name>errno.c.obj</name>
      </input_file>
      <input_file id="fl-9d">
         <path>C:\ti\ccsv7\tools\compiler\ti-cgt-msp430_20.8.0.STS\lib\</path>
         <kind>archive</kind>
         <file>rts430x_lc_rd_eabi.lib</file>
         <name>printf.c.obj</name>
      </input_file>
      <input_file id="fl-9e">
         <path>C:\ti\ccsv7\tools\compiler\ti-cgt-msp430_20.8.0.STS\lib\</path>
         <kind>archive</kind>
         <file>rts430x_lc_rd_eabi.lib</file>
         <name>_printfi.c.obj</name>
      </input_file>
      <input_file id="fl-9f">
         <path>C:\ti\ccsv7\tools\compiler\ti-cgt-msp430_20.8.0.STS\lib\</path>
         <kind>archive</kind>
         <file>rts430x_lc_rd_eabi.lib</file>
         <name>_ltoa.c.obj</name>
      </input_file>
      <input_file id="fl-a0">
         <path>C:\ti\ccsv7\tools\compiler\ti-cgt-msp430_20.8.0.STS\lib\</path>
         <kind>archive</kind>
         <file>rts430x_lc_rd_eabi.lib</file>
         <name>div64u.c.obj</name>
      </input_file>
      <input_file id="fl-a1">
         <path>C:\ti\ccsv7\tools\compiler\ti-cgt-msp430_20.8.0.STS\lib\</path>
         <kind>archive</kind>
         <file>rts430x_lc_rd_eabi.lib</file>
         <name>fixdi.c.obj</name>
      </input_file>
      <input_file id="fl-a2">
         <path>C:\ti\ccsv7\tools\compiler\ti-cgt-msp430_20.8.0.STS\lib\</path>
         <kind>archive</kind>
         <file>rts430x_lc_rd_eabi.lib</file>
         <name>fixdli.c.obj</name>
      </input_file>
      <input_file id="fl-a3">
         <path>C:\ti\ccsv7\tools\compiler\ti-cgt-msp430_20.8.0.STS\lib\</path>
         <kind>archive</kind>
         <file>rts430x_lc_rd_eabi.lib</file>
         <name>lsl64.c.obj</name>
      </input_file>
      <input_file id="fl-a4">
         <path>C:\ti\ccsv7\tools\compiler\ti-cgt-msp430_20.8.0.STS\lib\</path>
         <kind>archive</kind>
         <file>rts430x_lc_rd_eabi.lib</file>
         <name>defs.c.obj</name>
      </input_file>
      <input_file id="fl-a5">
         <path>C:\ti\ccsv7\tools\compiler\ti-cgt-msp430_20.8.0.STS\lib\</path>
         <kind>archive</kind>
         <file>rts430x_lc_rd_eabi.lib</file>
         <name>abs.c.obj</name>
      </input_file>
      <input_file id="fl-a6">
         <path>C:\ti\ccsv7\tools\compiler\ti-cgt-msp430_20.8.0.STS\lib\</path>
         <kind>archive</kind>
         <file>rts430x_lc_rd_eabi.lib</file>
         <name>atoi.c.obj</name>
      </input_file>
      <input_file id="fl-a7">
         <path>C:\ti\ccsv7\tools\compiler\ti-cgt-msp430_20.8.0.STS\lib\</path>
         <kind>archive</kind>
         <file>rts430x_lc_rd_eabi.lib</file>
         <name>ctype.c.obj</name>
      </input_file>
      <input_file id="fl-a8">
         <path>C:\ti\ccsv7\tools\compiler\ti-cgt-msp430_20.8.0.STS\lib\</path>
         <kind>archive</kind>
         <file>rts430x_lc_rd_eabi.lib</file>
         <name>fputc.c.obj</name>
      </input_file>
      <input_file id="fl-a9">
         <path>C:\ti\ccsv7\tools\compiler\ti-cgt-msp430_20.8.0.STS\lib\</path>
         <kind>archive</kind>
         <file>rts430x_lc_rd_eabi.lib</file>
         <name>fflush.c.obj</name>
      </input_file>
      <input_file id="fl-aa">
         <path>C:\ti\ccsv7\tools\compiler\ti-cgt-msp430_20.8.0.STS\lib\</path>
         <kind>archive</kind>
         <file>rts430x_lc_rd_eabi.lib</file>
         <name>_io_perm.c.obj</name>
      </input_file>
      <input_file id="fl-ab">
         <path>C:\ti\ccsv7\tools\compiler\ti-cgt-msp430_20.8.0.STS\lib\</path>
         <kind>archive</kind>
         <file>rts430x_lc_rd_eabi.lib</file>
         <name>fputs.c.obj</name>
      </input_file>
      <input_file id="fl-ac">
         <path>C:\ti\ccsv7\tools\compiler\ti-cgt-msp430_20.8.0.STS\lib\</path>
         <kind>archive</kind>
         <file>rts430x_lc_rd_eabi.lib</file>
         <name>s_frexp.c.obj</name>
      </input_file>
      <input_file id="fl-ad">
         <path>C:\ti\ccsv7\tools\compiler\ti-cgt-msp430_20.8.0.STS\lib\</path>
         <kind>archive</kind>
         <file>rts430x_lc_rd_eabi.lib</file>
         <name>fseek.c.obj</name>
      </input_file>
      <input_file id="fl-ae">
         <path>C:\ti\ccsv7\tools\compiler\ti-cgt-msp430_20.8.0.STS\lib\</path>
         <kind>archive</kind>
         <file>rts430x_lc_rd_eabi.lib</file>
         <name>s_scalbn.c.obj</name>
      </input_file>
      <input_file id="fl-af">
         <path>C:\ti\ccsv7\tools\compiler\ti-cgt-msp430_20.8.0.STS\lib\</path>
         <kind>archive</kind>
         <file>rts430x_lc_rd_eabi.lib</file>
         <name>s_copysign.c.obj</name>
      </input_file>
      <input_file id="fl-b0">
         <path>C:\ti\ccsv7\tools\compiler\ti-cgt-msp430_20.8.0.STS\lib\</path>
         <kind>archive</kind>
         <file>rts430x_lc_rd_eabi.lib</file>
         <name>lseek.c.obj</name>
      </input_file>
      <input_file id="fl-b1">
         <path>C:\ti\ccsv7\tools\compiler\ti-cgt-msp430_20.8.0.STS\lib\</path>
         <kind>archive</kind>
         <file>rts430x_lc_rd_eabi.lib</file>
         <name>host_device.c.obj</name>
      </input_file>
      <input_file id="fl-b2">
         <path>C:\ti\ccsv7\tools\compiler\ti-cgt-msp430_20.8.0.STS\lib\</path>
         <kind>archive</kind>
         <file>rts430x_lc_rd_eabi.lib</file>
         <name>hostclose.c.obj</name>
      </input_file>
      <input_file id="fl-b3">
         <path>C:\ti\ccsv7\tools\compiler\ti-cgt-msp430_20.8.0.STS\lib\</path>
         <kind>archive</kind>
         <file>rts430x_lc_rd_eabi.lib</file>
         <name>hostlseek.c.obj</name>
      </input_file>
      <input_file id="fl-b4">
         <path>C:\ti\ccsv7\tools\compiler\ti-cgt-msp430_20.8.0.STS\lib\</path>
         <kind>archive</kind>
         <file>rts430x_lc_rd_eabi.lib</file>
         <name>hostopen.c.obj</name>
      </input_file>
      <input_file id="fl-b5">
         <path>C:\ti\ccsv7\tools\compiler\ti-cgt-msp430_20.8.0.STS\lib\</path>
         <kind>archive</kind>
         <file>rts430x_lc_rd_eabi.lib</file>
         <name>hostread.c.obj</name>
      </input_file>
      <input_file id="fl-b6">
         <path>C:\ti\ccsv7\tools\compiler\ti-cgt-msp430_20.8.0.STS\lib\</path>
         <kind>archive</kind>
         <file>rts430x_lc_rd_eabi.lib</file>
         <name>hostrename.c.obj</name>
      </input_file>
      <input_file id="fl-b7">
         <path>C:\ti\ccsv7\tools\compiler\ti-cgt-msp430_20.8.0.STS\lib\</path>
         <kind>archive</kind>
         <file>rts430x_lc_rd_eabi.lib</file>
         <name>hostunlink.c.obj</name>
      </input_file>
      <input_file id="fl-b8">
         <path>C:\ti\ccsv7\tools\compiler\ti-cgt-msp430_20.8.0.STS\lib\</path>
         <kind>archive</kind>
         <file>rts430x_lc_rd_eabi.lib</file>
         <name>hostwrite.c.obj</name>
      </input_file>
      <input_file id="fl-b9">
         <path>C:\ti\ccsv7\tools\compiler\ti-cgt-msp430_20.8.0.STS\lib\</path>
         <kind>archive</kind>
         <file>rts430x_lc_rd_eabi.lib</file>
         <name>trgmsg.c.obj</name>
      </input_file>
      <input_file id="fl-ba">
         <path>C:\ti\ccsv7\tools\compiler\ti-cgt-msp430_20.8.0.STS\lib\</path>
         <kind>archive</kind>
         <file>rts430x_lc_rd_eabi.lib</file>
         <name>memccpy.c.obj</name>
      </input_file>
      <input_file id="fl-bb">
         <path>C:\ti\ccsv7\tools\compiler\ti-cgt-msp430_20.8.0.STS\lib\</path>
         <kind>archive</kind>
         <file>rts430x_lc_rd_eabi.lib</file>
         <name>memchr.c.obj</name>
      </input_file>
      <input_file id="fl-bc">
         <path>C:\ti\ccsv7\tools\compiler\ti-cgt-msp430_20.8.0.STS\lib\</path>
         <kind>archive</kind>
         <file>rts430x_lc_rd_eabi.lib</file>
         <name>setvbuf.c.obj</name>
      </input_file>
      <input_file id="fl-bd">
         <path>C:\ti\ccsv7\tools\compiler\ti-cgt-msp430_20.8.0.STS\lib\</path>
         <kind>archive</kind>
         <file>rts430x_lc_rd_eabi.lib</file>
         <name>fopen.c.obj</name>
      </input_file>
      <input_file id="fl-be">
         <path>C:\ti\ccsv7\tools\compiler\ti-cgt-msp430_20.8.0.STS\lib\</path>
         <kind>archive</kind>
         <file>rts430x_lc_rd_eabi.lib</file>
         <name>fclose.c.obj</name>
      </input_file>
      <input_file id="fl-bf">
         <path>C:\ti\ccsv7\tools\compiler\ti-cgt-msp430_20.8.0.STS\lib\</path>
         <kind>archive</kind>
         <file>rts430x_lc_rd_eabi.lib</file>
         <name>close.c.obj</name>
      </input_file>
      <input_file id="fl-c0">
         <path>C:\ti\ccsv7\tools\compiler\ti-cgt-msp430_20.8.0.STS\lib\</path>
         <kind>archive</kind>
         <file>rts430x_lc_rd_eabi.lib</file>
         <name>open.c.obj</name>
      </input_file>
      <input_file id="fl-c1">
         <path>C:\ti\ccsv7\tools\compiler\ti-cgt-msp430_20.8.0.STS\lib\</path>
         <kind>archive</kind>
         <file>rts430x_lc_rd_eabi.lib</file>
         <name>getdevice.c.obj</name>
      </input_file>
      <input_file id="fl-c2">
         <path>C:\ti\ccsv7\tools\compiler\ti-cgt-msp430_20.8.0.STS\lib\</path>
         <kind>archive</kind>
         <file>rts430x_lc_rd_eabi.lib</file>
         <name>remove.c.obj</name>
      </input_file>
      <input_file id="fl-c3">
         <path>C:\ti\ccsv7\tools\compiler\ti-cgt-msp430_20.8.0.STS\lib\</path>
         <kind>archive</kind>
         <file>rts430x_lc_rd_eabi.lib</file>
         <name>sprintf.c.obj</name>
      </input_file>
      <input_file id="fl-c4">
         <path>C:\ti\ccsv7\tools\compiler\ti-cgt-msp430_20.8.0.STS\lib\</path>
         <kind>archive</kind>
         <file>rts430x_lc_rd_eabi.lib</file>
         <name>e_sqrt.c.obj</name>
      </input_file>
      <input_file id="fl-c5">
         <path>C:\ti\ccsv7\tools\compiler\ti-cgt-msp430_20.8.0.STS\lib\</path>
         <kind>archive</kind>
         <file>rts430x_lc_rd_eabi.lib</file>
         <name>strchr.c.obj</name>
      </input_file>
      <input_file id="fl-c6">
         <path>C:\ti\ccsv7\tools\compiler\ti-cgt-msp430_20.8.0.STS\lib\</path>
         <kind>archive</kind>
         <file>rts430x_lc_rd_eabi.lib</file>
         <name>strcmp.c.obj</name>
      </input_file>
      <input_file id="fl-c7">
         <path>C:\ti\ccsv7\tools\compiler\ti-cgt-msp430_20.8.0.STS\lib\</path>
         <kind>archive</kind>
         <file>rts430x_lc_rd_eabi.lib</file>
         <name>strcpy.c.obj</name>
      </input_file>
      <input_file id="fl-c8">
         <path>C:\ti\ccsv7\tools\compiler\ti-cgt-msp430_20.8.0.STS\lib\</path>
         <kind>archive</kind>
         <file>rts430x_lc_rd_eabi.lib</file>
         <name>strlen.c.obj</name>
      </input_file>
      <input_file id="fl-c9">
         <path>C:\ti\ccsv7\tools\compiler\ti-cgt-msp430_20.8.0.STS\lib\</path>
         <kind>archive</kind>
         <file>rts430x_lc_rd_eabi.lib</file>
         <name>strncpy.c.obj</name>
      </input_file>
      <input_file id="fl-ca">
         <path>C:\ti\ccsv7\tools\compiler\ti-cgt-msp430_20.8.0.STS\lib\</path>
         <kind>archive</kind>
         <file>rts430x_lc_rd_eabi.lib</file>
         <name>toupper.c.obj</name>
      </input_file>
      <input_file id="fl-cb">
         <path>C:\ti\ccsv7\tools\compiler\ti-cgt-msp430_20.8.0.STS\lib\</path>
         <kind>archive</kind>
         <file>rts430x_lc_rd_eabi.lib</file>
         <name>unlink.c.obj</name>
      </input_file>
      <input_file id="fl-cc">
         <path>C:\ti\ccsv7\tools\compiler\ti-cgt-msp430_20.8.0.STS\lib\</path>
         <kind>archive</kind>
         <file>rts430x_lc_rd_eabi.lib</file>
         <name>vsnprintf.c.obj</name>
      </input_file>
      <input_file id="fl-cd">
         <path>C:\ti\ccsv7\tools\compiler\ti-cgt-msp430_20.8.0.STS\lib\</path>
         <kind>archive</kind>
         <file>rts430x_lc_rd_eabi.lib</file>
         <name>wcslen.c.obj</name>
      </input_file>
      <input_file id="fl-ce">
         <path>C:\ti\ccsv7\tools\compiler\ti-cgt-msp430_20.8.0.STS\lib\</path>
         <kind>archive</kind>
         <file>rts430x_lc_rd_eabi.lib</file>
         <name>write.c.obj</name>
      </input_file>
   </input_file_list>
   <object_component_list>
      <object_component id="oc-d6d">
         <name>.cio</name>
         <uninitialized>true</uninitialized>
         <run_address>0x4400</run_address>
         <size>0x120</size>
         <input_file_ref idref="fl-b9"/>
      </object_component>
      <object_component id="oc-623">
         <name>.sysmem</name>
         <uninitialized>true</uninitialized>
         <run_address>0x4520</run_address>
         <size>0x8</size>
         <input_file_ref idref="fl-90"/>
      </object_component>
      <object_component id="oc-e52">
         <name>.sysmem</name>
         <uninitialized>true</uninitialized>
         <run_address>0x4520</run_address>
         <size>0x0</size>
      </object_component>
      <object_component id="oc-e50">
         <name>.cinit..data.load</name>
         <load_address>0x502a</load_address>
         <run_address>0x502a</run_address>
         <size>0x5e</size>
      </object_component>
      <object_component id="oc-e4d">
         <name>__TI_handler_table</name>
         <load_address>0x5088</load_address>
         <run_address>0x5088</run_address>
         <size>0xc</size>
      </object_component>
      <object_component id="oc-e4f">
         <name>.cinit..bss.load</name>
         <load_address>0x5094</load_address>
         <run_address>0x5094</run_address>
         <size>0x6</size>
      </object_component>
      <object_component id="oc-e4e">
         <name>__TI_cinit_table</name>
         <load_address>0x509a</load_address>
         <run_address>0x509a</run_address>
         <size>0x10</size>
      </object_component>
      <object_component id="oc-ddb">
         <name>.binit</name>
         <load_address>0x4400</load_address>
         <run_address>0x4400</run_address>
         <size>0x0</size>
      </object_component>
      <object_component id="oc-931">
         <name>.const:.string</name>
         <load_address>0x4b4a</load_address>
         <run_address>0x4b4a</run_address>
         <size>0x1e6</size>
         <input_file_ref idref="fl-c"/>
      </object_component>
      <object_component id="oc-b51">
         <name>.const:.string:_ctypes_</name>
         <load_address>0x4d30</load_address>
         <run_address>0x4d30</run_address>
         <size>0x101</size>
         <input_file_ref idref="fl-a7"/>
      </object_component>
      <object_component id="oc-6c9">
         <name>.const:.string</name>
         <load_address>0x4e32</load_address>
         <run_address>0x4e32</run_address>
         <size>0xa2</size>
         <input_file_ref idref="fl-8"/>
      </object_component>
      <object_component id="oc-a53">
         <name>.const:.string</name>
         <load_address>0x4ed4</load_address>
         <run_address>0x4ed4</run_address>
         <size>0x76</size>
         <input_file_ref idref="fl-d"/>
      </object_component>
      <object_component id="oc-6e6">
         <name>.const:.string</name>
         <load_address>0x4f4a</load_address>
         <run_address>0x4f4a</run_address>
         <size>0x36</size>
         <input_file_ref idref="fl-7"/>
      </object_component>
      <object_component id="oc-9e2">
         <name>.const:alphabetBig</name>
         <load_address>0x4f80</load_address>
         <run_address>0x4f80</run_address>
         <size>0x34</size>
         <input_file_ref idref="fl-b"/>
      </object_component>
      <object_component id="oc-a9f">
         <name>.const:.string</name>
         <load_address>0x4fb4</load_address>
         <run_address>0x4fb4</run_address>
         <size>0x26</size>
         <input_file_ref idref="fl-9e"/>
      </object_component>
      <object_component id="oc-a16">
         <name>.const:GPIO_PORT_TO_BASE</name>
         <load_address>0x4fda</load_address>
         <run_address>0x4fda</run_address>
         <size>0x1c</size>
         <input_file_ref idref="fl-1c"/>
      </object_component>
      <object_component id="oc-9df">
         <name>.const:SegmentLoc</name>
         <load_address>0x4ff6</load_address>
         <run_address>0x4ff6</run_address>
         <size>0x18</size>
         <input_file_ref idref="fl-b"/>
      </object_component>
      <object_component id="oc-9eb">
         <name>.const:digit</name>
         <load_address>0x500e</load_address>
         <run_address>0x500e</run_address>
         <size>0x14</size>
         <input_file_ref idref="fl-b"/>
      </object_component>
      <object_component id="oc-940">
         <name>.const:.string:clock</name>
         <load_address>0x5022</load_address>
         <run_address>0x5022</run_address>
         <size>0x7</size>
         <input_file_ref idref="fl-4"/>
      </object_component>
      <object_component id="oc-643">
         <name>.text:_isr:RTC_ISR</name>
         <load_address>0x4800</load_address>
         <run_address>0x4800</run_address>
         <size>0x136</size>
         <input_file_ref idref="fl-8"/>
      </object_component>
      <object_component id="oc-661">
         <name>.text:_isr:USCI_B0_ISR</name>
         <load_address>0x4936</load_address>
         <run_address>0x4936</run_address>
         <size>0xf2</size>
         <input_file_ref idref="fl-6"/>
      </object_component>
      <object_component id="oc-65b">
         <name>.text:_isr:ADC12_ISR</name>
         <load_address>0x4a28</load_address>
         <run_address>0x4a28</run_address>
         <size>0x6e</size>
         <input_file_ref idref="fl-7"/>
      </object_component>
      <object_component id="oc-649">
         <name>.text:_isr:PORT1_ISR</name>
         <load_address>0x4a96</load_address>
         <run_address>0x4a96</run_address>
         <size>0x68</size>
         <input_file_ref idref="fl-7"/>
      </object_component>
      <object_component id="oc-691">
         <name>.text:_isr:_c_int00_noargs_mpu</name>
         <load_address>0x4afe</load_address>
         <run_address>0x4afe</run_address>
         <size>0x20</size>
         <input_file_ref idref="fl-86"/>
      </object_component>
      <object_component id="oc-64f">
         <name>.text:_isr:USCI_A1_ISR</name>
         <load_address>0x4b1e</load_address>
         <run_address>0x4b1e</run_address>
         <size>0x16</size>
         <input_file_ref idref="fl-7"/>
      </object_component>
      <object_component id="oc-655">
         <name>.text:_isr:TimerA0_ISR</name>
         <load_address>0x4b34</load_address>
         <run_address>0x4b34</run_address>
         <size>0xe</size>
         <input_file_ref idref="fl-7"/>
      </object_component>
      <object_component id="oc-63e">
         <name>.text:_isr:__TI_ISR_TRAP</name>
         <load_address>0x4b42</load_address>
         <run_address>0x4b42</run_address>
         <size>0x8</size>
         <input_file_ref idref="fl-54"/>
      </object_component>
      <object_component id="oc-cc9">
         <name>.text:__TI_frcdivd</name>
         <load_address>0x10000</load_address>
         <run_address>0x10000</run_address>
         <size>0x466</size>
         <input_file_ref idref="fl-99"/>
      </object_component>
      <object_component id="oc-bea">
         <name>.text:__mspabi_divull</name>
         <load_address>0x10466</load_address>
         <run_address>0x10466</run_address>
         <size>0x34e</size>
         <input_file_ref idref="fl-a0"/>
      </object_component>
      <object_component id="oc-d32">
         <name>.text:__mspabi_addd</name>
         <load_address>0x107b4</load_address>
         <run_address>0x107b4</run_address>
         <size>0x2e0</size>
         <input_file_ref idref="fl-94"/>
      </object_component>
      <object_component id="oc-86c">
         <name>.text:__TI_printfi:__TI_printfi</name>
         <load_address>0x10a94</load_address>
         <run_address>0x10a94</run_address>
         <size>0x2a6</size>
         <input_file_ref idref="fl-9e"/>
      </object_component>
      <object_component id="oc-939">
         <name>.text:logPrint</name>
         <load_address>0x10d3a</load_address>
         <run_address>0x10d3a</run_address>
         <size>0x2a6</size>
         <input_file_ref idref="fl-d"/>
      </object_component>
      <object_component id="oc-cc1">
         <name>.text:__TI_frcmpyd</name>
         <load_address>0x10fe0</load_address>
         <run_address>0x10fe0</run_address>
         <size>0x280</size>
         <input_file_ref idref="fl-76"/>
      </object_component>
      <object_component id="oc-9bf">
         <name>.text:__TI_printfi:_setfield___TI_printfi</name>
         <load_address>0x11260</load_address>
         <run_address>0x11260</run_address>
         <size>0x27a</size>
         <input_file_ref idref="fl-9e"/>
      </object_component>
      <object_component id="oc-ada">
         <name>.text:_pproc_fgea</name>
         <load_address>0x114da</load_address>
         <run_address>0x114da</run_address>
         <size>0x268</size>
         <input_file_ref idref="fl-9e"/>
      </object_component>
      <object_component id="oc-c23">
         <name>.text:__mspabi_mpyd</name>
         <load_address>0x11742</load_address>
         <run_address>0x11742</run_address>
         <size>0x266</size>
         <input_file_ref idref="fl-75"/>
      </object_component>
      <object_component id="oc-d86">
         <name>.text:__TI_frcaddd</name>
         <load_address>0x119a8</load_address>
         <run_address>0x119a8</run_address>
         <size>0x248</size>
         <input_file_ref idref="fl-95"/>
      </object_component>
      <object_component id="oc-7fd">
         <name>.text:printTest</name>
         <load_address>0x11bf0</load_address>
         <run_address>0x11bf0</run_address>
         <size>0x23c</size>
         <input_file_ref idref="fl-c"/>
      </object_component>
      <object_component id="oc-c36">
         <name>.text:acvt</name>
         <load_address>0x11e2c</load_address>
         <run_address>0x11e2c</run_address>
         <size>0x224</size>
         <input_file_ref idref="fl-9e"/>
      </object_component>
      <object_component id="oc-c29">
         <name>.text:__mspabi_divd</name>
         <load_address>0x12050</load_address>
         <run_address>0x12050</run_address>
         <size>0x222</size>
         <input_file_ref idref="fl-98"/>
      </object_component>
      <object_component id="oc-b6c">
         <name>.text:__TI_printfi:_getarg_diouxp___TI_printfi</name>
         <load_address>0x12272</load_address>
         <run_address>0x12272</run_address>
         <size>0x20c</size>
         <input_file_ref idref="fl-9e"/>
      </object_component>
      <object_component id="oc-c03">
         <name>.text:ecvt</name>
         <load_address>0x1247e</load_address>
         <run_address>0x1247e</run_address>
         <size>0x1e6</size>
         <input_file_ref idref="fl-9e"/>
      </object_component>
      <object_component id="oc-87b">
         <name>.text:myLCD_showChar</name>
         <load_address>0x12664</load_address>
         <run_address>0x12664</run_address>
         <size>0x1e2</size>
         <input_file_ref idref="fl-b"/>
      </object_component>
      <object_component id="oc-c16">
         <name>.text:fcvt</name>
         <load_address>0x12846</load_address>
         <run_address>0x12846</run_address>
         <size>0x1c8</size>
         <input_file_ref idref="fl-9e"/>
      </object_component>
      <object_component id="oc-932">
         <name>.text:myprintf</name>
         <load_address>0x12a0e</load_address>
         <run_address>0x12a0e</run_address>
         <size>0x1ba</size>
         <input_file_ref idref="fl-c"/>
      </object_component>
      <object_component id="oc-b91">
         <name>.text:_pconv_e</name>
         <load_address>0x12bc8</load_address>
         <run_address>0x12bc8</run_address>
         <size>0x1a2</size>
         <input_file_ref idref="fl-9e"/>
      </object_component>
      <object_component id="oc-b97">
         <name>.text:_pconv_a</name>
         <load_address>0x12d6a</load_address>
         <run_address>0x12d6a</run_address>
         <size>0x170</size>
         <input_file_ref idref="fl-9e"/>
      </object_component>
      <object_component id="oc-cd8">
         <name>.text:scalbn</name>
         <load_address>0x12eda</load_address>
         <run_address>0x12eda</run_address>
         <size>0x15a</size>
         <input_file_ref idref="fl-ae"/>
      </object_component>
      <object_component id="oc-ad4">
         <name>.text:__TI_printfi:_pproc_diouxp___TI_printfi</name>
         <load_address>0x13034</load_address>
         <run_address>0x13034</run_address>
         <size>0x148</size>
         <input_file_ref idref="fl-9e"/>
      </object_component>
      <object_component id="oc-b72">
         <name>.text:__TI_printfi:_ltostr___TI_printfi</name>
         <load_address>0x1317c</load_address>
         <run_address>0x1317c</run_address>
         <size>0x128</size>
         <input_file_ref idref="fl-9e"/>
      </object_component>
      <object_component id="oc-874">
         <name>.text:aligned_alloc</name>
         <load_address>0x132a4</load_address>
         <run_address>0x132a4</run_address>
         <size>0x112</size>
         <input_file_ref idref="fl-90"/>
      </object_component>
      <object_component id="oc-b85">
         <name>.text:_pconv_g</name>
         <load_address>0x133b6</load_address>
         <run_address>0x133b6</run_address>
         <size>0xfc</size>
         <input_file_ref idref="fl-9e"/>
      </object_component>
      <object_component id="oc-a46">
         <name>.text:printi</name>
         <load_address>0x134b2</load_address>
         <run_address>0x134b2</run_address>
         <size>0xf8</size>
         <input_file_ref idref="fl-c"/>
      </object_component>
      <object_component id="oc-8b2">
         <name>.text:fputs</name>
         <load_address>0x135aa</load_address>
         <run_address>0x135aa</run_address>
         <size>0xf0</size>
         <input_file_ref idref="fl-ab"/>
      </object_component>
      <object_component id="oc-9b9">
         <name>.text:__TI_printfi:_pproc_fwp___TI_printfi</name>
         <load_address>0x1369a</load_address>
         <run_address>0x1369a</run_address>
         <size>0xea</size>
         <input_file_ref idref="fl-9e"/>
      </object_component>
      <object_component id="oc-788">
         <name>.text:free</name>
         <load_address>0x13784</load_address>
         <run_address>0x13784</run_address>
         <size>0xe2</size>
         <input_file_ref idref="fl-90"/>
      </object_component>
      <object_component id="oc-af8">
         <name>.text:setvbuf</name>
         <load_address>0x13866</load_address>
         <run_address>0x13866</run_address>
         <size>0xde</size>
         <input_file_ref idref="fl-bc"/>
      </object_component>
      <object_component id="oc-711">
         <name>.text:main</name>
         <load_address>0x13944</load_address>
         <run_address>0x13944</run_address>
         <size>0xdc</size>
         <input_file_ref idref="fl-8"/>
      </object_component>
      <object_component id="oc-b9d">
         <name>.text:__mspabi_cmpd</name>
         <load_address>0x13a20</load_address>
         <run_address>0x13a20</run_address>
         <size>0xd8</size>
         <input_file_ref idref="fl-97"/>
      </object_component>
      <object_component id="oc-9cb">
         <name>.text:__TI_printfi:_pproc_wstr___TI_printfi</name>
         <load_address>0x13af8</load_address>
         <run_address>0x13af8</run_address>
         <size>0xc8</size>
         <input_file_ref idref="fl-9e"/>
      </object_component>
      <object_component id="oc-80f">
         <name>.text:read_RTC</name>
         <load_address>0x13bc0</load_address>
         <run_address>0x13bc0</run_address>
         <size>0xbe</size>
         <input_file_ref idref="fl-4"/>
      </object_component>
      <object_component id="oc-db9">
         <name>.text:__TI_renormd</name>
         <load_address>0x13c7e</load_address>
         <run_address>0x13c7e</run_address>
         <size>0xb2</size>
         <input_file_ref idref="fl-96"/>
      </object_component>
      <object_component id="oc-9c5">
         <name>.text:__TI_printfi:_pproc_str___TI_printfi</name>
         <load_address>0x13d30</load_address>
         <run_address>0x13d30</run_address>
         <size>0xa6</size>
         <input_file_ref idref="fl-9e"/>
      </object_component>
      <object_component id="oc-c30">
         <name>.text:frexp</name>
         <load_address>0x13dd6</load_address>
         <run_address>0x13dd6</run_address>
         <size>0xa6</size>
         <input_file_ref idref="fl-ac"/>
      </object_component>
      <object_component id="oc-7f1">
         <name>.text:myLCD_init</name>
         <load_address>0x13e7c</load_address>
         <run_address>0x13e7c</run_address>
         <size>0xa0</size>
         <input_file_ref idref="fl-b"/>
      </object_component>
      <object_component id="oc-ca4">
         <name>.text:__mspabi_fltlid</name>
         <load_address>0x13f1c</load_address>
         <run_address>0x13f1c</run_address>
         <size>0x9e</size>
         <input_file_ref idref="fl-74"/>
      </object_component>
      <object_component id="oc-c6b">
         <name>.text:HOSTlseek</name>
         <load_address>0x13fba</load_address>
         <run_address>0x13fba</run_address>
         <size>0x9a</size>
         <input_file_ref idref="fl-b3"/>
      </object_component>
      <object_component id="oc-6d0">
         <name>.text:LCD_showStringScrollRight</name>
         <load_address>0x14054</load_address>
         <run_address>0x14054</run_address>
         <size>0x94</size>
         <input_file_ref idref="fl-8"/>
      </object_component>
      <object_component id="oc-a79">
         <name>.text:I2C_ReadByte</name>
         <load_address>0x140e8</load_address>
         <run_address>0x140e8</run_address>
         <size>0x90</size>
         <input_file_ref idref="fl-5"/>
      </object_component>
      <object_component id="oc-c09">
         <name>.text:_ecpy</name>
         <load_address>0x14178</load_address>
         <run_address>0x14178</run_address>
         <size>0x90</size>
         <input_file_ref idref="fl-9e"/>
      </object_component>
      <object_component id="oc-c0f">
         <name>.text:_mcpy</name>
         <load_address>0x14208</load_address>
         <run_address>0x14208</run_address>
         <size>0x90</size>
         <input_file_ref idref="fl-9e"/>
      </object_component>
      <object_component id="oc-8b9">
         <name>.text:fputc</name>
         <load_address>0x14298</load_address>
         <run_address>0x14298</run_address>
         <size>0x90</size>
         <input_file_ref idref="fl-a8"/>
      </object_component>
      <object_component id="oc-8df">
         <name>.text:LCD_C_setPinAsLCDFunctionEx</name>
         <load_address>0x14328</load_address>
         <run_address>0x14328</run_address>
         <size>0x8a</size>
         <input_file_ref idref="fl-1d"/>
      </object_component>
      <object_component id="oc-a6b">
         <name>.text:I2C_WriteByte</name>
         <load_address>0x143b2</load_address>
         <run_address>0x143b2</run_address>
         <size>0x88</size>
         <input_file_ref idref="fl-5"/>
      </object_component>
      <object_component id="oc-c9e">
         <name>.text:__TI_ltoa</name>
         <load_address>0x1443a</load_address>
         <run_address>0x1443a</run_address>
         <size>0x80</size>
         <input_file_ref idref="fl-9f"/>
      </object_component>
      <object_component id="oc-9fa">
         <name>.text:__TI_wrt_ok</name>
         <load_address>0x144ba</load_address>
         <run_address>0x144ba</run_address>
         <size>0x7e</size>
         <input_file_ref idref="fl-aa"/>
      </object_component>
      <object_component id="oc-b8b">
         <name>.text:_pconv_f</name>
         <load_address>0x14538</load_address>
         <run_address>0x14538</run_address>
         <size>0x78</size>
         <input_file_ref idref="fl-9e"/>
      </object_component>
      <object_component id="oc-7a">
         <name>.text:decompress:lzss:__TI_decompress_lzss</name>
         <load_address>0x145b0</load_address>
         <run_address>0x145b0</run_address>
         <size>0x76</size>
         <input_file_ref idref="fl-51"/>
      </object_component>
      <object_component id="oc-c77">
         <name>.text:HOSTrename</name>
         <load_address>0x14626</load_address>
         <run_address>0x14626</run_address>
         <size>0x74</size>
         <input_file_ref idref="fl-b6"/>
      </object_component>
      <object_component id="oc-c47">
         <name>.text:__TI_closefile</name>
         <load_address>0x1469a</load_address>
         <run_address>0x1469a</run_address>
         <size>0x74</size>
         <input_file_ref idref="fl-be"/>
      </object_component>
      <object_component id="oc-9d8">
         <name>.text:split</name>
         <load_address>0x1470e</load_address>
         <run_address>0x1470e</run_address>
         <size>0x74</size>
         <input_file_ref idref="fl-90"/>
      </object_component>
      <object_component id="oc-8cd">
         <name>.text:GPIO_setAsPeripheralModuleFunctionInputPin</name>
         <load_address>0x14782</load_address>
         <run_address>0x14782</run_address>
         <size>0x72</size>
         <input_file_ref idref="fl-1c"/>
      </object_component>
      <object_component id="oc-9e5">
         <name>.text:LCD_C_setMemory</name>
         <load_address>0x147f4</load_address>
         <run_address>0x147f4</run_address>
         <size>0x72</size>
         <input_file_ref idref="fl-1d"/>
      </object_component>
      <object_component id="oc-c53">
         <name>.text:HOSTopen</name>
         <load_address>0x14866</load_address>
         <run_address>0x14866</run_address>
         <size>0x70</size>
         <input_file_ref idref="fl-b4"/>
      </object_component>
      <object_component id="oc-a40">
         <name>.text:prints</name>
         <load_address>0x148d6</load_address>
         <run_address>0x148d6</run_address>
         <size>0x70</size>
         <input_file_ref idref="fl-c"/>
      </object_component>
      <object_component id="oc-c65">
         <name>.text:HOSTwrite</name>
         <load_address>0x14946</load_address>
         <run_address>0x14946</run_address>
         <size>0x6c</size>
         <input_file_ref idref="fl-b8"/>
      </object_component>
      <object_component id="oc-c5f">
         <name>.text:HOSTread</name>
         <load_address>0x149b2</load_address>
         <run_address>0x149b2</run_address>
         <size>0x6a</size>
         <input_file_ref idref="fl-b5"/>
      </object_component>
      <object_component id="oc-af2">
         <name>.text:fseek</name>
         <load_address>0x14a1c</load_address>
         <run_address>0x14a1c</run_address>
         <size>0x6a</size>
         <input_file_ref idref="fl-ad"/>
      </object_component>
      <object_component id="oc-6e0">
         <name>.text:u_itoa</name>
         <load_address>0x14a86</load_address>
         <run_address>0x14a86</run_address>
         <size>0x6a</size>
         <input_file_ref idref="fl-e"/>
      </object_component>
      <object_component id="oc-c98">
         <name>.text:__mspabi_fixdli</name>
         <load_address>0x14af0</load_address>
         <run_address>0x14af0</run_address>
         <size>0x66</size>
         <input_file_ref idref="fl-a2"/>
      </object_component>
      <object_component id="oc-a06">
         <name>.text:__TI_doflush</name>
         <load_address>0x14b56</load_address>
         <run_address>0x14b56</run_address>
         <size>0x64</size>
         <input_file_ref idref="fl-a9"/>
      </object_component>
      <object_component id="oc-aba">
         <name>.text:atoi</name>
         <load_address>0x14bba</load_address>
         <run_address>0x14bba</run_address>
         <size>0x62</size>
         <input_file_ref idref="fl-a6"/>
      </object_component>
      <object_component id="oc-ced">
         <name>.text:close</name>
         <load_address>0x14c1c</load_address>
         <run_address>0x14c1c</run_address>
         <size>0x5a</size>
         <input_file_ref idref="fl-bf"/>
      </object_component>
      <object_component id="oc-d61">
         <name>.text:getdevice</name>
         <load_address>0x14c76</load_address>
         <run_address>0x14c76</run_address>
         <size>0x5a</size>
         <input_file_ref idref="fl-c1"/>
      </object_component>
      <object_component id="oc-b16">
         <name>.text</name>
         <load_address>0x14cd0</load_address>
         <run_address>0x14cd0</run_address>
         <size>0x58</size>
         <input_file_ref idref="fl-70"/>
      </object_component>
      <object_component id="oc-a55">
         <name>.text:vsnprintf</name>
         <load_address>0x14d28</load_address>
         <run_address>0x14d28</run_address>
         <size>0x56</size>
         <input_file_ref idref="fl-cc"/>
      </object_component>
      <object_component id="oc-840">
         <name>.text:__TI_auto_init_nobinit_nopinit_hold_wdt:__TI_auto_init_nobinit_nopinit_hold_wdt</name>
         <load_address>0x14d7e</load_address>
         <run_address>0x14d7e</run_address>
         <size>0x54</size>
         <input_file_ref idref="fl-89"/>
      </object_component>
      <object_component id="oc-782">
         <name>.text:swDelaySec</name>
         <load_address>0x14dd2</load_address>
         <run_address>0x14dd2</run_address>
         <size>0x54</size>
         <input_file_ref idref="fl-8"/>
      </object_component>
      <object_component id="oc-8ee">
         <name>.text:LCD_C_setVLCDSource</name>
         <load_address>0x14e26</load_address>
         <run_address>0x14e26</run_address>
         <size>0x52</size>
         <input_file_ref idref="fl-1d"/>
      </object_component>
      <object_component id="oc-c59">
         <name>.text:HOSTclose</name>
         <load_address>0x14e78</load_address>
         <run_address>0x14e78</run_address>
         <size>0x4e</size>
         <input_file_ref idref="fl-b2"/>
      </object_component>
      <object_component id="oc-c1c">
         <name>.text:_fcpy</name>
         <load_address>0x14ec6</load_address>
         <run_address>0x14ec6</run_address>
         <size>0x4e</size>
         <input_file_ref idref="fl-9e"/>
      </object_component>
      <object_component id="oc-7cd">
         <name>.text:initGPIO</name>
         <load_address>0x14f14</load_address>
         <run_address>0x14f14</run_address>
         <size>0x4e</size>
         <input_file_ref idref="fl-a"/>
      </object_component>
      <object_component id="oc-822">
         <name>.text:exit</name>
         <load_address>0x14f62</load_address>
         <run_address>0x14f62</run_address>
         <size>0x4a</size>
         <input_file_ref idref="fl-8d"/>
      </object_component>
      <object_component id="oc-6e7">
         <name>.text:printf</name>
         <load_address>0x14fac</load_address>
         <run_address>0x14fac</run_address>
         <size>0x4a</size>
         <input_file_ref idref="fl-9d"/>
      </object_component>
      <object_component id="oc-c71">
         <name>.text:HOSTunlink</name>
         <load_address>0x14ff6</load_address>
         <run_address>0x14ff6</run_address>
         <size>0x46</size>
         <input_file_ref idref="fl-b7"/>
      </object_component>
      <object_component id="oc-798">
         <name>.text:strReverse</name>
         <load_address>0x1503c</load_address>
         <run_address>0x1503c</run_address>
         <size>0x46</size>
         <input_file_ref idref="fl-e"/>
      </object_component>
      <object_component id="oc-6ca">
         <name>.text:sprintf</name>
         <load_address>0x15082</load_address>
         <run_address>0x15082</run_address>
         <size>0x44</size>
         <input_file_ref idref="fl-c3"/>
      </object_component>
      <object_component id="oc-a20">
         <name>.text:setLCDFunction</name>
         <load_address>0x150c6</load_address>
         <run_address>0x150c6</run_address>
         <size>0x42</size>
         <input_file_ref idref="fl-1d"/>
      </object_component>
      <object_component id="oc-956">
         <name>.text:utcFormatDateTime</name>
         <load_address>0x15108</load_address>
         <run_address>0x15108</run_address>
         <size>0x42</size>
         <input_file_ref idref="fl-d"/>
      </object_component>
      <object_component id="oc-d24">
         <name>.text</name>
         <load_address>0x1514a</load_address>
         <run_address>0x1514a</run_address>
         <size>0x40</size>
         <input_file_ref idref="fl-6e"/>
      </object_component>
      <object_component id="oc-d3b">
         <name>.text:l_asr_const</name>
         <load_address>0x1518a</load_address>
         <run_address>0x1518a</run_address>
         <size>0x3e</size>
         <input_file_ref idref="fl-81"/>
      </object_component>
      <object_component id="oc-d14">
         <name>.text:l_lsl_const</name>
         <load_address>0x151c8</load_address>
         <run_address>0x151c8</run_address>
         <size>0x3e</size>
         <input_file_ref idref="fl-7f"/>
      </object_component>
      <object_component id="oc-d2b">
         <name>.text:l_lsr_const</name>
         <load_address>0x15206</load_address>
         <run_address>0x15206</run_address>
         <size>0x3e</size>
         <input_file_ref idref="fl-83"/>
      </object_component>
      <object_component id="oc-ba6">
         <name>.text:lseek</name>
         <load_address>0x15244</load_address>
         <run_address>0x15244</run_address>
         <size>0x3e</size>
         <input_file_ref idref="fl-b0"/>
      </object_component>
      <object_component id="oc-a0c">
         <name>.text:write</name>
         <load_address>0x15282</load_address>
         <run_address>0x15282</run_address>
         <size>0x3c</size>
         <input_file_ref idref="fl-ce"/>
      </object_component>
      <object_component id="oc-c88">
         <name>.text:__mspabi_sllll</name>
         <load_address>0x152be</load_address>
         <run_address>0x152be</run_address>
         <size>0x3a</size>
         <input_file_ref idref="fl-a3"/>
      </object_component>
      <object_component id="oc-bf0">
         <name>.text:__mspabi_srlll</name>
         <load_address>0x152f8</load_address>
         <run_address>0x152f8</run_address>
         <size>0x3a</size>
         <input_file_ref idref="fl-84"/>
      </object_component>
      <object_component id="oc-bae">
         <name>.text:__TI_cleanup</name>
         <load_address>0x15332</load_address>
         <run_address>0x15332</run_address>
         <size>0x36</size>
         <input_file_ref idref="fl-bd"/>
      </object_component>
      <object_component id="oc-d01">
         <name>.text:__TI_writemsg</name>
         <load_address>0x15368</load_address>
         <run_address>0x15368</run_address>
         <size>0x36</size>
         <input_file_ref idref="fl-b9"/>
      </object_component>
      <object_component id="oc-b1d">
         <name>.text:_outs</name>
         <load_address>0x1539e</load_address>
         <run_address>0x1539e</run_address>
         <size>0x36</size>
         <input_file_ref idref="fl-cc"/>
      </object_component>
      <object_component id="oc-a65">
         <name>.text:I2C_Start</name>
         <load_address>0x153d4</load_address>
         <run_address>0x153d4</run_address>
         <size>0x32</size>
         <input_file_ref idref="fl-5"/>
      </object_component>
      <object_component id="oc-a71">
         <name>.text:I2C_Stop</name>
         <load_address>0x15406</load_address>
         <run_address>0x15406</run_address>
         <size>0x32</size>
         <input_file_ref idref="fl-5"/>
      </object_component>
      <object_component id="oc-d07">
         <name>.text:__TI_readmsg</name>
         <load_address>0x15438</load_address>
         <run_address>0x15438</run_address>
         <size>0x32</size>
         <input_file_ref idref="fl-b9"/>
      </object_component>
      <object_component id="oc-caa">
         <name>.text:__mspabi_subd</name>
         <load_address>0x1546a</load_address>
         <run_address>0x1546a</run_address>
         <size>0x32</size>
         <input_file_ref idref="fl-9b"/>
      </object_component>
      <object_component id="oc-d9b">
         <name>.text:strncpy</name>
         <load_address>0x1549c</load_address>
         <run_address>0x1549c</run_address>
         <size>0x32</size>
         <input_file_ref idref="fl-c9"/>
      </object_component>
      <object_component id="oc-7f7">
         <name>.text:swDelay</name>
         <load_address>0x154ce</load_address>
         <run_address>0x154ce</run_address>
         <size>0x32</size>
         <input_file_ref idref="fl-8"/>
      </object_component>
      <object_component id="oc-943">
         <name>.text:I2C_WriteString</name>
         <load_address>0x15500</load_address>
         <run_address>0x15500</run_address>
         <size>0x30</size>
         <input_file_ref idref="fl-5"/>
      </object_component>
      <object_component id="oc-7eb">
         <name>.text:initialize_uart</name>
         <load_address>0x15530</load_address>
         <run_address>0x15530</run_address>
         <size>0x30</size>
         <input_file_ref idref="fl-c"/>
      </object_component>
      <object_component id="oc-cf4">
         <name>.text:unlink</name>
         <load_address>0x15560</load_address>
         <run_address>0x15560</run_address>
         <size>0x30</size>
         <input_file_ref idref="fl-cb"/>
      </object_component>
      <object_component id="oc-8e8">
         <name>.text:LCD_C_init</name>
         <load_address>0x15590</load_address>
         <run_address>0x15590</run_address>
         <size>0x2e</size>
         <input_file_ref idref="fl-1d"/>
      </object_component>
      <object_component id="oc-77c">
         <name>.text:LCD_showString</name>
         <load_address>0x155be</load_address>
         <run_address>0x155be</run_address>
         <size>0x2e</size>
         <input_file_ref idref="fl-8"/>
      </object_component>
      <object_component id="oc-b7f">
         <name>.text:__mspabi_negd</name>
         <load_address>0x155ec</load_address>
         <run_address>0x155ec</run_address>
         <size>0x2e</size>
         <input_file_ref idref="fl-9a"/>
      </object_component>
      <object_component id="oc-d54">
         <name>.text:copysign</name>
         <load_address>0x1561a</load_address>
         <run_address>0x1561a</run_address>
         <size>0x2e</size>
         <input_file_ref idref="fl-af"/>
      </object_component>
      <object_component id="oc-da1">
         <name>.text:finddevice</name>
         <load_address>0x15648</load_address>
         <run_address>0x15648</run_address>
         <size>0x2e</size>
         <input_file_ref idref="fl-c1"/>
      </object_component>
      <object_component id="oc-94a">
         <name>.text:I2C_ReadChar</name>
         <load_address>0x15676</load_address>
         <run_address>0x15676</run_address>
         <size>0x2c</size>
         <input_file_ref idref="fl-5"/>
      </object_component>
      <object_component id="oc-906">
         <name>.text:LCD_C_configChargePump</name>
         <load_address>0x156a2</load_address>
         <run_address>0x156a2</run_address>
         <size>0x2c</size>
         <input_file_ref idref="fl-1d"/>
      </object_component>
      <object_component id="oc-723">
         <name>.text:__mpu_init</name>
         <load_address>0x156ce</load_address>
         <run_address>0x156ce</run_address>
         <size>0x2c</size>
         <input_file_ref idref="fl-87"/>
      </object_component>
      <object_component id="oc-88f">
         <name>.text:free_list_insert</name>
         <load_address>0x156fa</load_address>
         <run_address>0x156fa</run_address>
         <size>0x2c</size>
         <input_file_ref idref="fl-90"/>
      </object_component>
      <object_component id="oc-793">
         <name>.text</name>
         <load_address>0x15726</load_address>
         <run_address>0x15726</run_address>
         <size>0x2c</size>
         <input_file_ref idref="fl-6d"/>
      </object_component>
      <object_component id="oc-889">
         <name>.text:free_list_remove</name>
         <load_address>0x15752</load_address>
         <run_address>0x15752</run_address>
         <size>0x2a</size>
         <input_file_ref idref="fl-90"/>
      </object_component>
      <object_component id="oc-cb0">
         <name>.text:__mspabi_fixdi</name>
         <load_address>0x1577c</load_address>
         <run_address>0x1577c</run_address>
         <size>0x28</size>
         <input_file_ref idref="fl-a1"/>
      </object_component>
      <object_component id="oc-803">
         <name>.text:logDEBUG</name>
         <load_address>0x157a4</load_address>
         <run_address>0x157a4</run_address>
         <size>0x28</size>
         <input_file_ref idref="fl-d"/>
      </object_component>
      <object_component id="oc-815">
         <name>.text:logINFO</name>
         <load_address>0x157cc</load_address>
         <run_address>0x157cc</run_address>
         <size>0x28</size>
         <input_file_ref idref="fl-d"/>
      </object_component>
      <object_component id="oc-aa6">
         <name>.text:memccpy</name>
         <load_address>0x157f4</load_address>
         <run_address>0x157f4</run_address>
         <size>0x26</size>
         <input_file_ref idref="fl-ba"/>
      </object_component>
      <object_component id="oc-7df">
         <name>.text:PowerOnLedBlink</name>
         <load_address>0x1581a</load_address>
         <run_address>0x1581a</run_address>
         <size>0x24</size>
         <input_file_ref idref="fl-8"/>
      </object_component>
      <object_component id="oc-667">
         <name>.text:decompress:ZI:__TI_zero_init_nomemset:__TI_zero_init_nomemset</name>
         <load_address>0x1583e</load_address>
         <run_address>0x1583e</run_address>
         <size>0x24</size>
         <input_file_ref idref="fl-6a"/>
      </object_component>
      <object_component id="oc-d40">
         <name>.text</name>
         <load_address>0x15862</load_address>
         <run_address>0x15862</run_address>
         <size>0x24</size>
         <input_file_ref idref="fl-7a"/>
      </object_component>
      <object_component id="oc-6ed">
         <name>.text:print_uart</name>
         <load_address>0x15886</load_address>
         <run_address>0x15886</run_address>
         <size>0x22</size>
         <input_file_ref idref="fl-c"/>
      </object_component>
      <object_component id="oc-b23">
         <name>.text:_outc</name>
         <load_address>0x158a8</load_address>
         <run_address>0x158a8</run_address>
         <size>0x20</size>
         <input_file_ref idref="fl-cc"/>
      </object_component>
      <object_component id="oc-767">
         <name>.text:_outs</name>
         <load_address>0x158c8</load_address>
         <run_address>0x158c8</run_address>
         <size>0x20</size>
         <input_file_ref idref="fl-c3"/>
      </object_component>
      <object_component id="oc-7d3">
         <name>.text:initialize_clock</name>
         <load_address>0x158e8</load_address>
         <run_address>0x158e8</run_address>
         <size>0x20</size>
         <input_file_ref idref="fl-8"/>
      </object_component>
      <object_component id="oc-7d9">
         <name>.text:ADC_SETUP</name>
         <load_address>0x15908</load_address>
         <run_address>0x15908</run_address>
         <size>0x1e</size>
         <input_file_ref idref="fl-8"/>
      </object_component>
      <object_component id="oc-91e">
         <name>.text:LCD_C_setBlinkingControl</name>
         <load_address>0x15926</load_address>
         <run_address>0x15926</run_address>
         <size>0x1c</size>
         <input_file_ref idref="fl-1d"/>
      </object_component>
      <object_component id="oc-cde">
         <name>.text:strchr</name>
         <load_address>0x15942</load_address>
         <run_address>0x15942</run_address>
         <size>0x1c</size>
         <input_file_ref idref="fl-c5"/>
      </object_component>
      <object_component id="oc-dc5">
         <name>.text:strcmp</name>
         <load_address>0x1595e</load_address>
         <run_address>0x1595e</run_address>
         <size>0x1c</size>
         <input_file_ref idref="fl-c6"/>
      </object_component>
      <object_component id="oc-900">
         <name>.text:LCD_C_selectChargePumpReference</name>
         <load_address>0x1597a</load_address>
         <run_address>0x1597a</run_address>
         <size>0x1a</size>
         <input_file_ref idref="fl-1d"/>
      </object_component>
      <object_component id="oc-8f4">
         <name>.text:LCD_C_setVLCDVoltage</name>
         <load_address>0x15994</load_address>
         <run_address>0x15994</run_address>
         <size>0x1a</size>
         <input_file_ref idref="fl-1d"/>
      </object_component>
      <object_component id="oc-918">
         <name>.text:LCD_C_selectDisplayMemory</name>
         <load_address>0x159ae</load_address>
         <run_address>0x159ae</run_address>
         <size>0x18</size>
         <input_file_ref idref="fl-1d"/>
      </object_component>
      <object_component id="oc-6b8">
         <name>.text</name>
         <load_address>0x159c6</load_address>
         <run_address>0x159c6</run_address>
         <size>0x18</size>
[...]
         <name>__mspabi_sral</name>
         <value>0x15afa</value>
         <object_component_ref idref="oc-db4"/>
      </symbol>
      <symbol id="sm-abc">
         <name>__mspabi_sral_15</name>
         <value>0x1518a</value>
         <object_component_ref idref="oc-d3b"/>
      </symbol>
      <symbol id="sm-abd">
         <name>__mspabi_sral_14</name>
         <value>0x1518e</value>
         <object_component_ref idref="oc-d3b"/>
      </symbol>
      <symbol id="sm-abe">
         <name>__mspabi_sral_13</name>
         <value>0x15192</value>
         <object_component_ref idref="oc-d3b"/>
      </symbol>
      <symbol id="sm-abf">
         <name>__mspabi_sral_12</name>
         <value>0x15196</value>
         <object_component_ref idref="oc-d3b"/>
      </symbol>
      <symbol id="sm-ac0">
         <name>__mspabi_sral_11</name>
         <value>0x1519a</value>
         <object_component_ref idref="oc-d3b"/>
      </symbol>
      <symbol id="sm-ac1">
         <name>__mspabi_sral_10</name>
         <value>0x1519e</value>
         <object_component_ref idref="oc-d3b"/>
      </symbol>
      <symbol id="sm-ac2">
         <name>__mspabi_sral_8</name>
         <value>0x151a6</value>
         <object_component_ref idref="oc-d3b"/>
      </symbol>
      <symbol id="sm-ac3">
         <name>__mspabi_sral_9</name>
         <value>0x151a2</value>
         <object_component_ref idref="oc-d3b"/>
      </symbol>
      <symbol id="sm-ac4">
         <name>__mspabi_sral_6</name>
         <value>0x151ae</value>
         <object_component_ref idref="oc-d3b"/>
      </symbol>
      <symbol id="sm-ac5">
         <name>__mspabi_sral_7</name>
         <value>0x151aa</value>
         <object_component_ref idref="oc-d3b"/>
      </symbol>
      <symbol id="sm-ac6">
         <name>__mspabi_sral_4</name>
         <value>0x151b6</value>
         <object_component_ref idref="oc-d3b"/>
      </symbol>
      <symbol id="sm-ac7">
         <name>__mspabi_sral_5</name>
         <value>0x151b2</value>
         <object_component_ref idref="oc-d3b"/>
      </symbol>
      <symbol id="sm-ac8">
         <name>__mspabi_sral_2</name>
         <value>0x151be</value>
         <object_component_ref idref="oc-d3b"/>
      </symbol>
      <symbol id="sm-ac9">
         <name>__mspabi_sral_3</name>
         <value>0x151ba</value>
         <object_component_ref idref="oc-d3b"/>
      </symbol>
      <symbol id="sm-aca">
         <name>__mspabi_sral_1</name>
         <value>0x151c2</value>
         <object_component_ref idref="oc-d3b"/>
      </symbol>
      <symbol id="sm-ad3">
         <name>__mspabi_srli</name>
         <value>0x15b8c</value>
         <object_component_ref idref="oc-a1b"/>
      </symbol>
      <symbol id="sm-ae3">
         <name>__mspabi_srll_8</name>
         <value>0x15222</value>
         <object_component_ref idref="oc-d2b"/>
      </symbol>
      <symbol id="sm-ae4">
         <name>__mspabi_srll_9</name>
         <value>0x1521e</value>
         <object_component_ref idref="oc-d2b"/>
      </symbol>
      <symbol id="sm-ae5">
         <name>__mspabi_srll_6</name>
         <value>0x1522a</value>
         <object_component_ref idref="oc-d2b"/>
      </symbol>
      <symbol id="sm-ae6">
         <name>__mspabi_srll_7</name>
         <value>0x15226</value>
         <object_component_ref idref="oc-d2b"/>
      </symbol>
      <symbol id="sm-ae7">
         <name>__mspabi_srll_4</name>
         <value>0x15232</value>
         <object_component_ref idref="oc-d2b"/>
      </symbol>
      <symbol id="sm-ae8">
         <name>__mspabi_srll_5</name>
         <value>0x1522e</value>
         <object_component_ref idref="oc-d2b"/>
      </symbol>
      <symbol id="sm-ae9">
         <name>__mspabi_srll_2</name>
         <value>0x1523a</value>
         <object_component_ref idref="oc-d2b"/>
      </symbol>
      <symbol id="sm-aea">
         <name>__mspabi_srll_3</name>
         <value>0x15236</value>
         <object_component_ref idref="oc-d2b"/>
      </symbol>
      <symbol id="sm-aeb">
         <name>__mspabi_srll_1</name>
         <value>0x1523e</value>
         <object_component_ref idref="oc-d2b"/>
      </symbol>
      <symbol id="sm-aec">
         <name>__mspabi_srll_15</name>
         <value>0x15206</value>
         <object_component_ref idref="oc-d2b"/>
      </symbol>
      <symbol id="sm-aed">
         <name>__mspabi_srll_14</name>
         <value>0x1520a</value>
         <object_component_ref idref="oc-d2b"/>
      </symbol>
      <symbol id="sm-aee">
         <name>__mspabi_srll_13</name>
         <value>0x1520e</value>
         <object_component_ref idref="oc-d2b"/>
      </symbol>
      <symbol id="sm-aef">
         <name>__mspabi_srll_12</name>
         <value>0x15212</value>
         <object_component_ref idref="oc-d2b"/>
      </symbol>
      <symbol id="sm-af0">
         <name>__mspabi_srll_11</name>
         <value>0x15216</value>
         <object_component_ref idref="oc-d2b"/>
      </symbol>
      <symbol id="sm-af1">
         <name>__mspabi_srll_10</name>
         <value>0x1521a</value>
         <object_component_ref idref="oc-d2b"/>
      </symbol>
      <symbol id="sm-af2">
         <name>__mspabi_srll</name>
         <value>0x15b1a</value>
         <object_component_ref idref="oc-c8e"/>
      </symbol>
      <symbol id="sm-aff">
         <name>__mspabi_srlll</name>
         <value>0x152f8</value>
         <object_component_ref idref="oc-bf0"/>
      </symbol>
      <symbol id="sm-b10">
         <name>_c_int00_noargs_mpu</name>
         <value>0x4afe</value>
         <object_component_ref idref="oc-691"/>
      </symbol>
      <symbol id="sm-b11">
         <name>_stack</name>
         <value>0x2300</value>
         <object_component_ref idref="oc-61f"/>
      </symbol>
      <symbol id="sm-b12">
         <name>_reset_vector</name>
         <value>0xfffe</value>
         <object_component_ref idref="oc-622"/>
      </symbol>
      <symbol id="sm-b1b">
         <name>__mpu_init</name>
         <value>0x156ce</value>
         <object_component_ref idref="oc-723"/>
      </symbol>
      <symbol id="sm-b3f">
         <name>__TI_auto_init_nobinit_nopinit_hold_wdt</name>
         <value>0x14d7e</value>
         <object_component_ref idref="oc-840"/>
      </symbol>
      <symbol id="sm-b48">
         <name>_system_post_cinit</name>
         <value>0x15bc0</value>
         <object_component_ref idref="oc-96a"/>
      </symbol>
      <symbol id="sm-b51">
         <name>_system_pre_init</name>
         <value>0x15bba</value>
         <object_component_ref idref="oc-70b"/>
      </symbol>
      <symbol id="sm-b6f">
         <name>C$$EXIT</name>
         <value>0x15bb0</value>
         <object_component_ref idref="oc-81c"/>
      </symbol>
      <symbol id="sm-b70">
         <name>abort</name>
         <value>0x15bb0</value>
         <object_component_ref idref="oc-81c"/>
      </symbol>
      <symbol id="sm-b71">
         <name>__TI_enable_exit_profile_output</name>
         <value>0x1dcc</value>
         <object_component_ref idref="oc-95f"/>
      </symbol>
      <symbol id="sm-b72">
         <name>exit</name>
         <value>0x14f62</value>
         <object_component_ref idref="oc-822"/>
      </symbol>
      <symbol id="sm-b81">
         <name>__TI_dtors_ptr</name>
         <value>0x1dbc</value>
         <object_component_ref idref="oc-962"/>
      </symbol>
      <symbol id="sm-b82">
         <name>__TI_cleanup_ptr</name>
         <value>0x1db8</value>
         <object_component_ref idref="oc-965"/>
      </symbol>
      <symbol id="sm-b98">
         <name>_nop</name>
         <value>0x15bbe</value>
         <object_component_ref idref="oc-8a5"/>
      </symbol>
      <symbol id="sm-b99">
         <name>_lock</name>
         <value>0x1dc0</value>
         <object_component_ref idref="oc-7a0"/>
      </symbol>
      <symbol id="sm-b9a">
         <name>_unlock</name>
         <value>0x1dc4</value>
         <object_component_ref idref="oc-7b2"/>
      </symbol>
      <symbol id="sm-c1f">
         <name>_sys_memory</name>
         <value>0x4520</value>
         <object_component_ref idref="oc-623"/>
      </symbol>
      <symbol id="sm-c20">
         <name>free</name>
         <value>0x13784</value>
         <object_component_ref idref="oc-788"/>
      </symbol>
      <symbol id="sm-c21">
         <name>memalign</name>
         <value>0x132a4</value>
         <object_component_ref idref="oc-874"/>
      </symbol>
      <symbol id="sm-c22">
         <name>malloc</name>
         <value>0x15b96</value>
         <object_component_ref idref="oc-776"/>
      </symbol>
      <symbol id="sm-c23">
         <name>aligned_alloc</name>
         <value>0x132a4</value>
         <object_component_ref idref="oc-874"/>
      </symbol>
      <symbol id="sm-c31">
         <name>memcpy</name>
         <value>0x15a9c</value>
         <object_component_ref idref="oc-631"/>
      </symbol>
      <symbol id="sm-c3f">
         <name>memset</name>
         <value>0x15a0a</value>
         <object_component_ref idref="oc-6c3"/>
      </symbol>
      <symbol id="sm-c67">
         <name>__mspabi_addd</name>
         <value>0x107b4</value>
         <object_component_ref idref="oc-d32"/>
      </symbol>
      <symbol id="sm-c88">
         <name>__TI_frcaddd</name>
         <value>0x119a8</value>
         <object_component_ref idref="oc-d86"/>
      </symbol>
      <symbol id="sm-c9c">
         <name>__TI_renormd</name>
         <value>0x13c7e</value>
         <object_component_ref idref="oc-db9"/>
      </symbol>
      <symbol id="sm-cb6">
         <name>__mspabi_cmpd</name>
         <value>0x13a20</value>
         <object_component_ref idref="oc-b9d"/>
      </symbol>
      <symbol id="sm-cd7">
         <name>__mspabi_divd</name>
         <value>0x12050</value>
         <object_component_ref idref="oc-c29"/>
      </symbol>
      <symbol id="sm-cf2">
         <name>__TI_frcdivd</name>
         <value>0x10000</value>
         <object_component_ref idref="oc-cc9"/>
      </symbol>
      <symbol id="sm-cfb">
         <name>__mspabi_negd</name>
         <value>0x155ec</value>
         <object_component_ref idref="oc-b7f"/>
      </symbol>
      <symbol id="sm-d04">
         <name>__mspabi_subd</name>
         <value>0x1546a</value>
         <object_component_ref idref="oc-caa"/>
      </symbol>
      <symbol id="sm-d0b">
         <name>errno</name>
         <value>0x1dca</value>
         <object_component_ref idref="oc-acf"/>
      </symbol>
      <symbol id="sm-d2e">
         <name>printf</name>
         <value>0x14fac</value>
         <object_component_ref idref="oc-6e7"/>
      </symbol>
      <symbol id="sm-f02">
         <name>__TI_printfi</name>
         <value>0x10a94</value>
         <object_component_ref idref="oc-86c"/>
      </symbol>
      <symbol id="sm-f11">
         <name>__TI_ltoa</name>
         <value>0x1443a</value>
         <object_component_ref idref="oc-c9e"/>
      </symbol>
      <symbol id="sm-f44">
         <name>__mspabi_divull</name>
         <value>0x10466</value>
         <object_component_ref idref="oc-bea"/>
      </symbol>
      <symbol id="sm-f51">
         <name>__mspabi_fixdi</name>
         <value>0x1577c</value>
         <object_component_ref idref="oc-cb0"/>
      </symbol>
      <symbol id="sm-f60">
         <name>__mspabi_fixdli</name>
         <value>0x14af0</value>
         <object_component_ref idref="oc-c98"/>
      </symbol>
      <symbol id="sm-f6d">
         <name>__mspabi_sllll</name>
         <value>0x152be</value>
         <object_component_ref idref="oc-c88"/>
      </symbol>
      <symbol id="sm-f7d">
         <name>__TI_tmpnams</name>
         <value>0x1dd0</value>
      </symbol>
      <symbol id="sm-f7e">
         <name>_ftable</name>
         <value>0x1c00</value>
         <object_component_ref idref="oc-7a3"/>
      </symbol>
      <symbol id="sm-f7f">
         <name>__TI_ft_end</name>
         <value>0x1dc8</value>
         <object_component_ref idref="oc-c4d"/>
      </symbol>
      <symbol id="sm-f89">
         <name>abs</name>
         <value>0x15b78</value>
         <object_component_ref idref="oc-cb7"/>
      </symbol>
      <symbol id="sm-f9c">
         <name>atoi</name>
         <value>0x14bba</value>
         <object_component_ref idref="oc-aba"/>
      </symbol>
      <symbol id="sm-fa6">
         <name>_ctypes_</name>
         <value>0x4d30</value>
         <object_component_ref idref="oc-b51"/>
      </symbol>
      <symbol id="sm-fb9">
         <name>putc</name>
         <value>0x14298</value>
         <object_component_ref idref="oc-8b9"/>
      </symbol>
      <symbol id="sm-fba">
         <name>fputc</name>
         <value>0x14298</value>
         <object_component_ref idref="oc-8b9"/>
      </symbol>
      <symbol id="sm-fcb">
         <name>__TI_doflush</name>
         <value>0x14b56</value>
         <object_component_ref idref="oc-a06"/>
      </symbol>
      <symbol id="sm-fe3">
         <name>__TI_wrt_ok</name>
         <value>0x144ba</value>
         <object_component_ref idref="oc-9fa"/>
      </symbol>
      <symbol id="sm-ffb">
         <name>fputs</name>
         <value>0x135aa</value>
         <object_component_ref idref="oc-8b2"/>
      </symbol>
      <symbol id="sm-1012">
         <name>frexpl</name>
         <value>0x13dd6</value>
         <object_component_ref idref="oc-c30"/>
      </symbol>
      <symbol id="sm-1013">
         <name>frexp</name>
         <value>0x13dd6</value>
         <object_component_ref idref="oc-c30"/>
      </symbol>
      <symbol id="sm-1028">
         <name>fseek</name>
         <value>0x14a1c</value>
         <object_component_ref idref="oc-af2"/>
      </symbol>
      <symbol id="sm-1041">
         <name>scalbn</name>
         <value>0x12eda</value>
         <object_component_ref idref="oc-cd8"/>
      </symbol>
      <symbol id="sm-1042">
         <name>scalbnl</name>
         <value>0x12eda</value>
         <object_component_ref idref="oc-cd8"/>
      </symbol>
      <symbol id="sm-1043">
         <name>ldexpl</name>
         <value>0x12eda</value>
         <object_component_ref idref="oc-cd8"/>
      </symbol>
      <symbol id="sm-1044">
         <name>ldexp</name>
         <value>0x12eda</value>
         <object_component_ref idref="oc-cd8"/>
      </symbol>
      <symbol id="sm-104d">
         <name>copysign</name>
         <value>0x1561a</value>
         <object_component_ref idref="oc-d54"/>
      </symbol>
      <symbol id="sm-104e">
         <name>copysignl</name>
         <value>0x1561a</value>
         <object_component_ref idref="oc-d54"/>
      </symbol>
      <symbol id="sm-1061">
         <name>lseek</name>
         <value>0x15244</value>
         <object_component_ref idref="oc-ba6"/>
      </symbol>
      <symbol id="sm-1070">
         <name>_stream</name>
         <value>0x1d40</value>
         <object_component_ref idref="oc-b04"/>
      </symbol>
      <symbol id="sm-1071">
         <name>_device</name>
         <value>0x1cc8</value>
         <object_component_ref idref="oc-bc1"/>
      </symbol>
      <symbol id="sm-107d">
         <name>HOSTclose</name>
         <value>0x14e78</value>
         <object_component_ref idref="oc-c59"/>
      </symbol>
      <symbol id="sm-1089">
         <name>HOSTlseek</name>
         <value>0x13fba</value>
         <object_component_ref idref="oc-c6b"/>
      </symbol>
      <symbol id="sm-1097">
         <name>parmbuf</name>
         <value>0x1ec0</value>
      </symbol>
      <symbol id="sm-1098">
         <name>HOSTopen</name>
         <value>0x14866</value>
         <object_component_ref idref="oc-c53"/>
      </symbol>
      <symbol id="sm-10a5">
         <name>HOSTread</name>
         <value>0x149b2</value>
         <object_component_ref idref="oc-c5f"/>
      </symbol>
      <symbol id="sm-10b1">
         <name>HOSTrename</name>
         <value>0x14626</value>
         <object_component_ref idref="oc-c77"/>
      </symbol>
      <symbol id="sm-10bd">
         <name>HOSTunlink</name>
         <value>0x14ff6</value>
         <object_component_ref idref="oc-c71"/>
      </symbol>
      <symbol id="sm-10ca">
         <name>HOSTwrite</name>
         <value>0x14946</value>
         <object_component_ref idref="oc-c65"/>
      </symbol>
      <symbol id="sm-10e8">
         <name>__TI_readmsg</name>
         <value>0x15438</value>
         <object_component_ref idref="oc-d07"/>
      </symbol>
      <symbol id="sm-10e9">
         <name>C$$IO$$</name>
         <value>0x1539a</value>
         <object_component_ref idref="oc-d01"/>
      </symbol>
      <symbol id="sm-10ea">
         <name>_CIOBUF_</name>
         <value>0x4400</value>
         <object_component_ref idref="oc-d6d"/>
      </symbol>
      <symbol id="sm-10eb">
         <name>__TI_writemsg</name>
         <value>0x15368</value>
         <object_component_ref idref="oc-d01"/>
      </symbol>
      <symbol id="sm-10fa">
         <name>memccpy</name>
         <value>0x157f4</value>
         <object_component_ref idref="oc-aa6"/>
      </symbol>
      <symbol id="sm-1109">
         <name>memchr</name>
         <value>0x159f4</value>
         <object_component_ref idref="oc-a00"/>
      </symbol>
      <symbol id="sm-1121">
         <name>setvbuf</name>
         <value>0x13866</value>
         <object_component_ref idref="oc-af8"/>
      </symbol>
      <symbol id="sm-112d">
         <name>__TI_cleanup</name>
         <value>0x15332</value>
         <object_component_ref idref="oc-bae"/>
      </symbol>
      <symbol id="sm-113e">
         <name>__TI_closefile</name>
         <value>0x1469a</value>
         <object_component_ref idref="oc-c47"/>
      </symbol>
      <symbol id="sm-1150">
         <name>close</name>
         <value>0x14c1c</value>
         <object_component_ref idref="oc-ced"/>
      </symbol>
      <symbol id="sm-1170">
         <name>finddevice</name>
         <value>0x15648</value>
         <object_component_ref idref="oc-da1"/>
      </symbol>
      <symbol id="sm-1171">
         <name>getdevice</name>
         <value>0x14c76</value>
         <object_component_ref idref="oc-d61"/>
      </symbol>
      <symbol id="sm-118e">
         <name>sprintf</name>
         <value>0x15082</value>
         <object_component_ref idref="oc-6ca"/>
      </symbol>
      <symbol id="sm-119e">
         <name>strchr</name>
         <value>0x15942</value>
         <object_component_ref idref="oc-cde"/>
      </symbol>
      <symbol id="sm-11ac">
         <name>strcmp</name>
         <value>0x1595e</value>
         <object_component_ref idref="oc-dc5"/>
      </symbol>
      <symbol id="sm-11b9">
         <name>strcpy</name>
         <value>0x15ad6</value>
         <object_component_ref idref="oc-a5b"/>
      </symbol>
      <symbol id="sm-11c6">
         <name>strlen</name>
         <value>0x15b46</value>
         <object_component_ref idref="oc-89c"/>
      </symbol>
      <symbol id="sm-11d6">
         <name>strncpy</name>
         <value>0x1549c</value>
         <object_component_ref idref="oc-d9b"/>
      </symbol>
      <symbol id="sm-11e3">
         <name>toupper</name>
         <value>0x15ae8</value>
         <object_component_ref idref="oc-b79"/>
      </symbol>
      <symbol id="sm-11ef">
         <name>unlink</name>
         <value>0x15560</value>
         <object_component_ref idref="oc-cf4"/>
      </symbol>
      <symbol id="sm-1216">
         <name>vsnprintf</name>
         <value>0x14d28</value>
         <object_component_ref idref="oc-a55"/>
      </symbol>
      <symbol id="sm-122e">
         <name>wcslen</name>
         <value>0x15a36</value>
         <object_component_ref idref="oc-ac9"/>
      </symbol>
      <symbol id="sm-123c">
         <name>write</name>
         <value>0x15282</value>
         <object_component_ref idref="oc-a0c"/>
      </symbol>
      <symbol id="sm-1241">
         <name>remove</name>
         <value>0x15560</value>
      </symbol>
   </symbol_table>
   <title>Link successful</title>
</link_info>
